c[?7l[2J[0mSeaBIOS (version rel-1.14.0-0-g155821a1990b-prebuilt.qemu.org)


iPXE (http://ipxe.org) 00:03.0 CA00 PCI2.10 PnP PMM+BFF8F0F0+BFEEF0F0 CA00
Press Ctrl-B to configure iPXE (PCI 00:03.0)...                                                                               


Booting from Hard Disk...
[H[J[1;1H[?25l[m[H[J[1;1H[2;30HGNU GRUB  version 2.04

[m[4;2H+----------------------------------------------------------------------------+[5;2H|[5;79H|[6;2H|[6;79H|[7;2H|[7;79H|[8;2H|[8;79H|[9;2H|[9;79H|[10;2H|[10;79H|[11;2H|[11;79H|[12;2H|[12;79H|[13;2H|[13;79H|[14;2H|[14;79H|[15;2H|[15;79H|[16;2H|[16;79H|[17;2H+----------------------------------------------------------------------------+[m[18;2H[19;2H[m     Use the ^ and v keys to select which entry is highlighted.          
      Press enter to boot the selected OS, `e' to edit the commands       
      before booting or `c' for a command-line.                           [5;80H [7m[5;3H*Ubuntu, with Linux 5.4.0-88-generic                                        [m[5;78H[m[m[6;3H Ubuntu, with Linux 5.4.0-64-generic                                        [m[6;78H[m[m[7;3H                                                                            [m[7;78H[m[m[8;3H                                                                            [m[8;78H[m[m[9;3H                                                                            [m[9;78H[m[m[10;3H                                                                            [m[10;78H[m[m[11;3H                                                                            [m[11;78H[m[m[12;3H                                                                            [m[12;78H[m[m[13;3H                                                                            [m[13;78H[m[m[14;3H                                                                            [m[14;78H[m[m[15;3H                                                                            [m[15;78H[m[m[16;3H                                                                            [m[16;78H[m[16;80H [5;78H[22;1H   The highlighted entry will be executed automatically in 3s.                 [5;78H[22;1H   The highlighted entry will be executed automatically in 2s.                 [5;78H[22;1H                                                                               [23;1H                                                                               [5;78H[?25h[H[J[1;1H[H[J[1;1HLoading Linux 5.4.0-88-generic ...
Loading initial ramdisk ...
[    0.000000] Linux version 5.4.0-88-generic (buildd@lgw01-amd64-008) (gcc version 9.3.0 (Ubuntu 9.3.0-17ubuntu1~20.04)) #99-Ubuntu SMP Thu Sep 23 17:29:00 UTC 2021 (Ubuntu 5.4.0-88.99-generic 5.4.140)
[    0.000000] Command line: BOOT_IMAGE=/boot/vmlinuz-5.4.0-88-generic root=UUID=66add23f-3d34-46f1-a540-ebfdd268827e ro ip=dhcp console=ttyS0,115200 console=tty console=ttyS0 text
[    0.000000] KERNEL supported cpus:
[    0.000000]   Intel GenuineIntel
[    0.000000]   AMD AuthenticAMD
[    0.000000]   Hygon HygonGenuine
[    0.000000]   Centaur CentaurHauls
[    0.000000]   zhaoxin   Shanghai  
[    0.000000] x86/fpu: Supporting XSAVE feature 0x001: 'x87 floating point registers'
[    0.000000] x86/fpu: Supporting XSAVE feature 0x002: 'SSE registers'
[    0.000000] x86/fpu: Supporting XSAVE feature 0x004: 'AVX registers'
[    0.000000] x86/fpu: Supporting XSAVE feature 0x008: 'MPX bounds registers'
[    0.000000] x86/fpu: Supporting XSAVE feature 0x010: 'MPX CSR'
[    0.000000] x86/fpu: Supporting XSAVE feature 0x020: 'AVX-512 opmask'
[    0.000000] x86/fpu: Supporting XSAVE feature 0x040: 'AVX-512 Hi256'
[    0.000000] x86/fpu: Supporting XSAVE feature 0x080: 'AVX-512 ZMM_Hi256'
[    0.000000] x86/fpu: xstate_offset[2]:  576, xstate_sizes[2]:  256
[    0.000000] x86/fpu: xstate_offset[3]:  832, xstate_sizes[3]:   64
[    0.000000] x86/fpu: xstate_offset[4]:  896, xstate_sizes[4]:   64
[    0.000000] x86/fpu: xstate_offset[5]:  960, xstate_sizes[5]:   64
[    0.000000] x86/fpu: xstate_offset[6]: 1024, xstate_sizes[6]:  512
[    0.000000] x86/fpu: xstate_offset[7]: 1536, xstate_sizes[7]: 1024
[    0.000000] x86/fpu: Enabled xstate features 0xff, context size is 2560 bytes, using 'compacted' format.
[    0.000000] BIOS-provided physical RAM map:
[    0.000000] BIOS-e820: [mem 0x0000000000000000-0x000000000009fbff] usable
[    0.000000] BIOS-e820: [mem 0x000000000009fc00-0x000000000009ffff] reserved
[    0.000000] BIOS-e820: [mem 0x00000000000f0000-0x00000000000fffff] reserved
[    0.000000] BIOS-e820: [mem 0x0000000000100000-0x00000000bffd4fff] usable
[    0.000000] BIOS-e820: [mem 0x00000000bffd5000-0x00000000bfffffff] reserved
[    0.000000] BIOS-e820: [mem 0x00000000feffc000-0x00000000feffffff] reserved
[    0.000000] BIOS-e820: [mem 0x00000000fffc0000-0x00000000ffffffff] reserved
[    0.000000] BIOS-e820: [mem 0x0000000100000000-0x000000013fffffff] usable
[    0.000000] NX (Execute Disable) protection: active
[    0.000000] SMBIOS 2.8 present.
[    0.000000] DMI: QEMU Standard PC (i440FX + PIIX, 1996), BIOS rel-1.14.0-0-g155821a1990b-prebuilt.qemu.org 04/01/2014
[    0.000000] Hypervisor detected: KVM
[    0.000000] kvm-clock: Using msrs 4b564d01 and 4b564d00
[    0.000000] kvm-clock: cpu 0, msr aa001001, primary cpu clock
[    0.000000] kvm-clock: using sched offset of 3850898540 cycles
[    0.000004] clocksource: kvm-clock: mask: 0xffffffffffffffff max_cycles: 0x1cd42e4dffb, max_idle_ns: 881590591483 ns
[    0.000008] tsc: Detected 3791.982 MHz processor
[    0.001383] last_pfn = 0x140000 max_arch_pfn = 0x400000000
[    0.001419] x86/PAT: Configuration [0-7]: WB  WC  UC- UC  WB  WP  UC- WT  
[    0.001427] last_pfn = 0xbffd5 max_arch_pfn = 0x400000000
[    0.006429] found SMP MP-table at [mem 0x000f5a60-0x000f5a6f]
[    0.006518] check: Scanning 1 areas for low memory corruption
[    0.006551] Using GB pages for direct mapping
[    0.006875] RAMDISK: [mem 0x2defb000-0x32f74fff]
[    0.006885] ACPI: Early table checksum verification disabled
[    0.006901] ACPI: RSDP 0x00000000000F5A20 000014 (v00 BOCHS )
[    0.006904] ACPI: RSDT 0x00000000BFFE13A7 000034 (v01 BOCHS  BXPCRSDT 00000001 BXPC 00000001)
[    0.006909] ACPI: FACP 0x00000000BFFE1243 000074 (v01 BOCHS  BXPCFACP 00000001 BXPC 00000001)
[    0.006913] ACPI: DSDT 0x00000000BFFDFD80 0014C3 (v01 BOCHS  BXPCDSDT 00000001 BXPC 00000001)
[    0.006916] ACPI: FACS 0x00000000BFFDFD40 000040
[    0.006918] ACPI: APIC 0x00000000BFFE12B7 000090 (v01 BOCHS  BXPCAPIC 00000001 BXPC 00000001)
[    0.006920] ACPI: HPET 0x00000000BFFE1347 000038 (v01 BOCHS  BXPCHPET 00000001 BXPC 00000001)
[    0.006922] ACPI: WAET 0x00000000BFFE137F 000028 (v01 BOCHS  BXPCWAET 00000001 BXPC 00000001)
[    0.006924] ACPI: Reserving FACP table memory at [mem 0xbffe1243-0xbffe12b6]
[    0.006925] ACPI: Reserving DSDT table memory at [mem 0xbffdfd80-0xbffe1242]
[    0.006926] ACPI: Reserving FACS table memory at [mem 0xbffdfd40-0xbffdfd7f]
[    0.006926] ACPI: Reserving APIC table memory at [mem 0xbffe12b7-0xbffe1346]
[    0.006927] ACPI: Reserving HPET table memory at [mem 0xbffe1347-0xbffe137e]
[    0.006927] ACPI: Reserving WAET table memory at [mem 0xbffe137f-0xbffe13a6]
[    0.007166] No NUMA configuration found
[    0.007167] Faking a node at [mem 0x0000000000000000-0x000000013fffffff]
[    0.007174] NODE_DATA(0) allocated [mem 0x13ffd3000-0x13fffdfff]
[    0.007518] Zone ranges:
[    0.007519]   DMA      [mem 0x0000000000001000-0x0000000000ffffff]
[    0.007520]   DMA32    [mem 0x0000000001000000-0x00000000ffffffff]
[    0.007520]   Normal   [mem 0x0000000100000000-0x000000013fffffff]
[    0.007521]   Device   empty
[    0.007522] Movable zone start for each node
[    0.007523] Early memory node ranges
[    0.007524]   node   0: [mem 0x0000000000001000-0x000000000009efff]
[    0.007525]   node   0: [mem 0x0000000000100000-0x00000000bffd4fff]
[    0.007526]   node   0: [mem 0x0000000100000000-0x000000013fffffff]
[    0.007946] Zeroed struct page in unavailable ranges: 141 pages
[    0.007946] Initmem setup node 0 [mem 0x0000000000001000-0x000000013fffffff]
[    0.021279] ACPI: PM-Timer IO Port: 0x608
[    0.021300] ACPI: LAPIC_NMI (acpi_id[0xff] dfl dfl lint[0x1])
[    0.021336] IOAPIC[0]: apic_id 0, version 17, address 0xfec00000, GSI 0-23
[    0.021338] ACPI: INT_SRC_OVR (bus 0 bus_irq 0 global_irq 2 dfl dfl)
[    0.021340] ACPI: INT_SRC_OVR (bus 0 bus_irq 5 global_irq 5 high level)
[    0.021340] ACPI: INT_SRC_OVR (bus 0 bus_irq 9 global_irq 9 high level)
[    0.021344] ACPI: INT_SRC_OVR (bus 0 bus_irq 10 global_irq 10 high level)
[    0.021345] ACPI: INT_SRC_OVR (bus 0 bus_irq 11 global_irq 11 high level)
[    0.021349] Using ACPI (MADT) for SMP configuration information
[    0.021350] ACPI: HPET id: 0x8086a201 base: 0xfed00000
[    0.021356] TSC deadline timer available
[    0.021357] smpboot: Allowing 4 CPUs, 0 hotplug CPUs
[    0.021368] KVM setup pv sched yield
[    0.021381] PM: Registered nosave memory: [mem 0x00000000-0x00000fff]
[    0.021382] PM: Registered nosave memory: [mem 0x0009f000-0x0009ffff]
[    0.021383] PM: Registered nosave memory: [mem 0x000a0000-0x000effff]
[    0.021383] PM: Registered nosave memory: [mem 0x000f0000-0x000fffff]
[    0.021384] PM: Registered nosave memory: [mem 0xbffd5000-0xbfffffff]
[    0.021385] PM: Registered nosave memory: [mem 0xc0000000-0xfeffbfff]
[    0.021385] PM: Registered nosave memory: [mem 0xfeffc000-0xfeffffff]
[    0.021385] PM: Registered nosave memory: [mem 0xff000000-0xfffbffff]
[    0.021386] PM: Registered nosave memory: [mem 0xfffc0000-0xffffffff]
[    0.021388] [mem 0xc0000000-0xfeffbfff] available for PCI devices
[    0.021388] Booting paravirtualized kernel on KVM
[    0.021393] clocksource: refined-jiffies: mask: 0xffffffff max_cycles: 0xffffffff, max_idle_ns: 7645519600211568 ns
[    0.021397] setup_percpu: NR_CPUS:8192 nr_cpumask_bits:4 nr_cpu_ids:4 nr_node_ids:1
[    0.021751] percpu: Embedded 55 pages/cpu s188416 r8192 d28672 u524288
[    0.021778] setup async PF for cpu 0
[    0.021782] kvm-stealtime: cpu 0, msr 13ba2d040
[    0.021785] PV qspinlock hash table entries: 256 (order: 0, 4096 bytes, linear)
[    0.021792] Built 1 zonelists, mobility grouping on.  Total pages: 1032030
[    0.021793] Policy zone: Normal
[    0.021794] Kernel command line: BOOT_IMAGE=/boot/vmlinuz-5.4.0-88-generic root=UUID=66add23f-3d34-46f1-a540-ebfdd268827e ro ip=dhcp console=ttyS0,115200 console=tty console=ttyS0 text
[    0.022434] Dentry cache hash table entries: 524288 (order: 10, 4194304 bytes, linear)
[    0.022713] Inode-cache hash table entries: 262144 (order: 9, 2097152 bytes, linear)
[    0.022766] mem auto-init: stack:off, heap alloc:on, heap free:off
[    0.035988] Memory: 3939712K/4193740K available (14339K kernel code, 2400K rwdata, 5016K rodata, 2728K init, 4972K bss, 254028K reserved, 0K cma-reserved)
[    0.035997] random: get_random_u64 called from kmem_cache_open+0x2d/0x410 with crng_init=0
[    0.036312] SLUB: HWalign=64, Order=0-3, MinObjects=0, CPUs=4, Nodes=1
[    0.036326] Kernel/User page tables isolation: enabled
[    0.036342] ftrace: allocating 44613 entries in 175 pages
[    0.049926] rcu: Hierarchical RCU implementation.
[    0.049928] rcu: 	RCU restricting CPUs from NR_CPUS=8192 to nr_cpu_ids=4.
[    0.049928] 	Tasks RCU enabled.
[    0.049929] rcu: RCU calculated value of scheduler-enlistment delay is 25 jiffies.
[    0.049930] rcu: Adjusting geometry for rcu_fanout_leaf=16, nr_cpu_ids=4
[    0.051635] NR_IRQS: 524544, nr_irqs: 456, preallocated irqs: 16
[    0.051813] random: crng done (trusting CPU's manufacturer)
[    0.061902] Console: colour VGA+ 80x25
[    0.090056] printk: console [tty0] enabled
[    0.172425] printk: console [ttyS0] enabled
[    0.173100] ACPI: Core revision 20190816
[    0.173760] clocksource: hpet: mask: 0xffffffff max_cycles: 0xffffffff, max_idle_ns: 19112604467 ns
[    0.175036] APIC: Switch to symmetric I/O mode setup
[    0.175920] x2apic enabled
[    0.176581] Switched APIC routing to physical x2apic.
[    0.177384] KVM setup pv IPIs
[    0.178723] ..TIMER: vector=0x30 apic1=0 pin1=2 apic2=-1 pin2=-1
[    0.179575] clocksource: tsc-early: mask: 0xffffffffffffffff max_cycles: 0x6d5184cc4c3, max_idle_ns: 881590856055 ns
[    0.181099] Calibrating delay loop (skipped) preset value.. 7583.96 BogoMIPS (lpj=15167928)
[    0.182313] pid_max: default: 32768 minimum: 301
[    0.183031] LSM: Security Framework initializing
[    0.185105] Yama: becoming mindful.
[    0.185694] AppArmor: AppArmor initialized
[    0.186349] Mount-cache hash table entries: 8192 (order: 4, 65536 bytes, linear)
[    0.187446] Mountpoint-cache hash table entries: 8192 (order: 4, 65536 bytes, linear)
[    0.189112] *** VALIDATE tmpfs ***
[    0.189781] *** VALIDATE proc ***
[    0.190354] *** VALIDATE cgroup1 ***
[    0.190912] *** VALIDATE cgroup2 ***
[    0.191542] x86/cpu: User Mode Instruction Prevention (UMIP) activated
[    0.192514] Last level iTLB entries: 4KB 0, 2MB 0, 4MB 0
[    0.193097] Last level dTLB entries: 4KB 0, 2MB 0, 4MB 0, 1GB 0
[    0.193878] Spectre V1 : Mitigation: usercopy/swapgs barriers and __user pointer sanitization
[    0.195000] Spectre V2 : Mitigation: Full generic retpoline
[    0.195744] Spectre V2 : Spectre v2 / SpectreRSB mitigation: Filling RSB on context switch
[    0.197096] Spectre V2 : Enabling Restricted Speculation for firmware calls
[    0.198001] Spectre V2 : mitigation: Enabling conditional Indirect Branch Prediction Barrier
[    0.199138] Speculative Store Bypass: Mitigation: Speculative Store Bypass disabled via prctl and seccomp
[    0.200391] TAA: Mitigation: Clear CPU buffers
[    0.201096] MDS: Mitigation: Clear CPU buffers
[    0.201931] Freeing SMP alternatives memory: 40K
[    0.204609] smpboot: CPU0: Intel(R) Core(TM) i7-9800X CPU @ 3.80GHz (family: 0x6, model: 0x55, stepping: 0x4)
[    0.205095] Performance Events: Skylake events, full-width counters, Intel PMU driver.
[    0.205095] ... version:                2
[    0.205095] ... bit width:              48
[    0.205095] ... generic registers:      4
[    0.205098] ... value mask:             0000ffffffffffff
[    0.205883] ... max period:             00007fffffffffff
[    0.206634] ... fixed-purpose events:   3
[    0.207205] ... event mask:             000000070000000f
[    0.209133] rcu: Hierarchical SRCU implementation.
[    0.210693] smp: Bringing up secondary CPUs ...
[    0.211443] x86: Booting SMP configuration:
[    0.212041] .... node  #0, CPUs:      #1
[    0.129321] kvm-clock: cpu 1, msr aa001041, secondary cpu clock
[    0.129321] smpboot: CPU 1 Converting physical 0 to logical die 1
[    0.217122] setup async PF for cpu 1
[    0.217652] kvm-stealtime: cpu 1, msr 13baad040
[    0.218284]  #2
[    0.129321] kvm-clock: cpu 2, msr aa001081, secondary cpu clock
[    0.129321] smpboot: CPU 2 Converting physical 0 to logical die 2
[    0.225137] setup async PF for cpu 2
[    0.225667] kvm-stealtime: cpu 2, msr 13bb2d040
[    0.226336]  #3
[    0.129321] kvm-clock: cpu 3, msr aa0010c1, secondary cpu clock
[    0.129321] smpboot: CPU 3 Converting physical 0 to logical die 3
[    0.229118] setup async PF for cpu 3
[    0.230526] kvm-stealtime: cpu 3, msr 13bbad040
[    0.231958] smp: Brought up 1 node, 4 CPUs
[    0.231958] smpboot: Max logical packages: 4
[    0.233098] smpboot: Total of 4 processors activated (30335.85 BogoMIPS)
[    0.234413] devtmpfs: initialized
[    0.234413] x86/mm: Memory block size: 128MB
[    0.234659] clocksource: jiffies: mask: 0xffffffff max_cycles: 0xffffffff, max_idle_ns: 7645041785100000 ns
[    0.237108] futex hash table entries: 1024 (order: 4, 65536 bytes, linear)
[    0.238335] pinctrl core: initialized pinctrl subsystem
[    0.239240] PM: RTC time: 13:06:50, date: 2021-10-14
[    0.240410] NET: Registered protocol family 16
[    0.241166] audit: initializing netlink subsys (disabled)
[    0.242066] audit: type=2000 audit(1634216811.450:1): state=initialized audit_enabled=0 res=1
[    0.242066] EISA bus registered
[    0.245108] cpuidle: using governor ladder
[    0.245724] cpuidle: using governor menu
[    0.246378] KVM setup pv remote TLB flush
[    0.247024] ACPI: bus type PCI registered
[    0.247626] acpiphp: ACPI Hot Plug PCI Controller Driver version: 0.5
[    0.248586] PCI: Using configuration type 1 for base access
[    0.250326] HugeTLB registered 1.00 GiB page size, pre-allocated 0 pages
[    0.250326] HugeTLB registered 2.00 MiB page size, pre-allocated 0 pages
[    0.253341] ACPI: Added _OSI(Module Device)
[    0.253771] ACPI: Added _OSI(Processor Device)
[    0.254405] ACPI: Added _OSI(3.0 _SCP Extensions)
[    0.255063] ACPI: Added _OSI(Processor Aggregator Device)
[    0.255819] ACPI: Added _OSI(Linux-Dell-Video)
[    0.257102] ACPI: Added _OSI(Linux-Lenovo-NV-HDMI-Audio)
[    0.257854] ACPI: Added _OSI(Linux-HPI-Hybrid-Graphics)
[    0.259340] ACPI: 1 ACPI AML tables successfully acquired and loaded
[    0.261082] ACPI: Interpreter enabled
[    0.261116] ACPI: (supports S0 S3 S4 S5)
[    0.261712] ACPI: Using IOAPIC for interrupt routing
[    0.262413] PCI: Using host bridge windows from ACPI; if necessary, use "pci=nocrs" and report a bug
[    0.263760] ACPI: Enabled 2 GPEs in block 00 to 0F
[    0.266224] ACPI: PCI Root Bridge [PCI0] (domain 0000 [bus 00-ff])
[    0.267075] acpi PNP0A03:00: _OSC: OS supports [ASPM ClockPM Segments MSI HPX-Type3]
[    0.268169] acpi PNP0A03:00: fail to add MMCONFIG information, can't access extended PCI configuration space under this bridge.
[    0.269288] acpiphp: Slot [3] registered
[    0.269879] acpiphp: Slot [4] registered
[    0.270467] acpiphp: Slot [5] registered
[    0.271055] acpiphp: Slot [6] registered
[    0.271645] acpiphp: Slot [7] registered
[    0.272230] acpiphp: Slot [8] registered
[    0.272813] acpiphp: Slot [9] registered
[    0.273110] acpiphp: Slot [10] registered
[    0.273709] acpiphp: Slot [11] registered
[    0.274311] acpiphp: Slot [12] registered
[    0.274910] acpiphp: Slot [13] registered
[    0.275509] acpiphp: Slot [14] registered
[    0.276108] acpiphp: Slot [15] registered
[    0.276684] acpiphp: Slot [16] registered
[    0.277109] acpiphp: Slot [17] registered
[    0.277694] acpiphp: Slot [18] registered
[    0.278280] acpiphp: Slot [19] registered
[    0.278876] acpiphp: Slot [20] registered
[    0.279463] acpiphp: Slot [21] registered
[    0.280054] acpiphp: Slot [22] registered
[    0.280640] acpiphp: Slot [23] registered
[    0.281108] acpiphp: Slot [24] registered
[    0.281707] acpiphp: Slot [25] registered
[    0.282298] acpiphp: Slot [26] registered
[    0.283025] acpiphp: Slot [27] registered
[    0.283630] acpiphp: Slot [28] registered
[    0.284236] acpiphp: Slot [29] registered
[    0.284847] acpiphp: Slot [30] registered
[    0.285110] acpiphp: Slot [31] registered
[    0.285705] PCI host bridge to bus 0000:00
[    0.286308] pci_bus 0000:00: root bus resource [io  0x0000-0x0cf7 window]
[    0.287225] pci_bus 0000:00: root bus resource [io  0x0d00-0xffff window]
[    0.288147] pci_bus 0000:00: root bus resource [mem 0x000a0000-0x000bffff window]
[    0.289097] pci_bus 0000:00: root bus resource [mem 0xc0000000-0xfebfffff window]
[    0.290108] pci_bus 0000:00: root bus resource [mem 0x140000000-0x1bfffffff window]
[    0.291139] pci_bus 0000:00: root bus resource [bus 00-ff]
[    0.291901] pci 0000:00:00.0: [8086:1237] type 00 class 0x060000
[    0.293151] pci 0000:00:01.0: [8086:7000] type 00 class 0x060100
[    0.294365] pci 0000:00:01.1: [8086:7010] type 00 class 0x010180
[    0.296856] pci 0000:00:01.1: reg 0x20: [io  0xc060-0xc06f]
[    0.297839] pci 0000:00:01.1: legacy IDE quirk: reg 0x10: [io  0x01f0-0x01f7]
[    0.299167] pci 0000:00:01.1: legacy IDE quirk: reg 0x14: [io  0x03f6]
[    0.300076] pci 0000:00:01.1: legacy IDE quirk: reg 0x18: [io  0x0170-0x0177]
[    0.301031] pci 0000:00:01.1: legacy IDE quirk: reg 0x1c: [io  0x0376]
[    0.301231] pci 0000:00:01.3: [8086:7113] type 00 class 0x068000
[    0.302384] pci 0000:00:01.3: quirk: [io  0x0600-0x063f] claimed by PIIX4 ACPI
[    0.303412] pci 0000:00:01.3: quirk: [io  0x0700-0x070f] claimed by PIIX4 SMB
[    0.304654] pci 0000:00:02.0: [1234:1111] type 00 class 0x030000
[    0.307653] pci 0000:00:02.0: reg 0x10: [mem 0xfd000000-0xfdffffff pref]
[    0.309747] pci 0000:00:02.0: reg 0x18: [mem 0xfebd2000-0xfebd2fff]
[    0.313486] pci 0000:00:02.0: reg 0x30: [mem 0xfebc0000-0xfebcffff pref]
[    0.314818] pci 0000:00:03.0: [1af4:1000] type 00 class 0x020000
[    0.316692] pci 0000:00:03.0: reg 0x10: [io  0xc040-0xc05f]
[    0.317693] pci 0000:00:03.0: reg 0x14: [mem 0xfebd3000-0xfebd3fff]
[    0.320333] pci 0000:00:03.0: reg 0x20: [mem 0xfe000000-0xfe003fff 64bit pref]
[    0.321688] pci 0000:00:03.0: reg 0x30: [mem 0xfeb80000-0xfebbffff pref]
[    0.323238] pci 0000:00:04.0: [1af4:1004] type 00 class 0x010000
[    0.324906] pci 0000:00:04.0: reg 0x10: [io  0xc000-0xc03f]
[    0.325964] pci 0000:00:04.0: reg 0x14: [mem 0xfebd4000-0xfebd4fff]
[    0.330064] pci 0000:00:04.0: reg 0x20: [mem 0xfe004000-0xfe007fff 64bit pref]
[    0.332554] pci 0000:00:05.0: [1d1d:1f1f] type 00 class 0x010802
[    0.333549] pci 0000:00:05.0: reg 0x10: [mem 0xfebd0000-0xfebd1fff 64bit]
[    0.335539] pci 0000:00:05.0: reg 0x20: [mem 0xfebd5000-0xfebd5fff]
[    0.342902] ACPI: PCI Interrupt Link [LNKA] (IRQs 5 *10 11)
[    0.343739] ACPI: PCI Interrupt Link [LNKB] (IRQs 5 *10 11)
[    0.344566] ACPI: PCI Interrupt Link [LNKC] (IRQs 5 10 *11)
[    0.345177] ACPI: PCI Interrupt Link [LNKD] (IRQs 5 10 *11)
[    0.345963] ACPI: PCI Interrupt Link [LNKS] (IRQs *9)
[    0.347050] iommu: Default domain type: Translated 
[    0.347050] SCSI subsystem initialized
[    0.347050] pci 0000:00:02.0: vgaarb: setting as boot VGA device
[    0.347050] pci 0000:00:02.0: vgaarb: VGA device added: decodes=io+mem,owns=io+mem,locks=none
[    0.349103] pci 0000:00:02.0: vgaarb: bridge control possible
[    0.349882] vgaarb: loaded
[    0.350329] ACPI: bus type USB registered
[    0.350919] usbcore: registered new interface driver usbfs
[    0.351662] usbcore: registered new interface driver hub
[    0.352390] usbcore: registered new device driver usb
[    0.353117] pps_core: LinuxPPS API ver. 1 registered
[    0.353804] pps_core: Software ver. 5.3.6 - Copyright 2005-2007 Rodolfo Giometti <giometti@linux.it>
[    0.355038] PTP clock support registered
[    0.355657] EDAC MC: Ver: 3.0.0
[    0.355657] PCI: Using ACPI for IRQ routing
[    0.357431] NetLabel: Initializing
[    0.357928] NetLabel:  domain hash size = 128
[    0.358525] NetLabel:  protocols = UNLABELED CIPSOv4 CALIPSO
[    0.359279] NetLabel:  unlabeled traffic allowed by default
[    0.360021] hpet0: at MMIO 0xfed00000, IRQs 2, 8, 0
[    0.361100] hpet0: 3 comparators, 64-bit 100.000000 MHz counter
[    0.365039] clocksource: Switched to clocksource kvm-clock
[    0.371082] *** VALIDATE bpf ***
[    0.371636] VFS: Disk quotas dquot_6.6.0
[    0.372190] VFS: Dquot-cache hash table entries: 512 (order 0, 4096 bytes)
[    0.373134] *** VALIDATE ramfs ***
[    0.373639] *** VALIDATE hugetlbfs ***
[    0.374256] AppArmor: AppArmor Filesystem Enabled
[    0.374928] pnp: PnP ACPI init
[    0.375675] pnp: PnP ACPI: found 6 devices
[    0.378995] thermal_sys: Registered thermal governor 'fair_share'
[    0.378996] thermal_sys: Registered thermal governor 'bang_bang'
[    0.380865] thermal_sys: Registered thermal governor 'step_wise'
[    0.382581] thermal_sys: Registered thermal governor 'user_space'
[    0.384340] thermal_sys: Registered thermal governor 'power_allocator'
[    0.390688] clocksource: acpi_pm: mask: 0xffffff max_cycles: 0xffffff, max_idle_ns: 2085701024 ns
[    0.393561] pci_bus 0000:00: resource 4 [io  0x0000-0x0cf7 window]
[    0.394695] pci_bus 0000:00: resource 5 [io  0x0d00-0xffff window]
[    0.395851] pci_bus 0000:00: resource 6 [mem 0x000a0000-0x000bffff window]
[    0.397124] pci_bus 0000:00: resource 7 [mem 0xc0000000-0xfebfffff window]
[    0.398369] pci_bus 0000:00: resource 8 [mem 0x140000000-0x1bfffffff window]
[    0.399673] NET: Registered protocol family 2
[    0.400584] IP idents hash table entries: 65536 (order: 7, 524288 bytes, linear)
[    0.402643] tcp_listen_portaddr_hash hash table entries: 2048 (order: 3, 32768 bytes, linear)
[    0.404259] TCP established hash table entries: 32768 (order: 6, 262144 bytes, linear)
[    0.405851] TCP bind hash table entries: 32768 (order: 7, 524288 bytes, linear)
[    0.407260] TCP: Hash tables configured (established 32768 bind 32768)
[    0.408477] UDP hash table entries: 2048 (order: 4, 65536 bytes, linear)
[    0.417450] UDP-Lite hash table entries: 2048 (order: 4, 65536 bytes, linear)
[    0.418716] NET: Registered protocol family 1
[    0.419522] NET: Registered protocol family 44
[    0.420351] pci 0000:00:01.0: PIIX3: Enabling Passive Release
[    0.421407] pci 0000:00:00.0: Limiting direct PCI/PCI transfers
[    0.422395] pci 0000:00:01.0: Activating ISA DMA hang workarounds
[    0.423545] pci 0000:00:02.0: Video device with shadowed ROM at [mem 0x000c0000-0x000dffff]
[    0.425080] PCI: CLS 0 bytes, default 64
[    0.425829] Trying to unpack rootfs image as initramfs...
[    0.580129] Freeing initrd memory: 82408K
[    0.580875] PCI-DMA: Using software bounce buffering for IO (SWIOTLB)
[    0.581730] software IO TLB: mapped [mem 0xbbfd5000-0xbffd5000] (64MB)
[    0.582629] clocksource: tsc: mask: 0xffffffffffffffff max_cycles: 0x6d5184cc4c3, max_idle_ns: 881590856055 ns
[    0.583947] check: Scanning for low memory corruption every 60 seconds
[    0.585301] Initialise system trusted keyrings
[    0.585972] Key type blacklist registered
[    0.586576] workingset: timestamp_bits=36 max_order=20 bucket_order=0
[    0.588158] zbud: loaded
[    0.588791] squashfs: version 4.0 (2009/01/31) Phillip Lougher
[    0.589742] fuse: init (API version 7.31)
[    0.590311] *** VALIDATE fuse ***
[    0.590796] *** VALIDATE fuse ***
[    0.591385] Platform Keyring initialized
[    0.593922] Key type asymmetric registered
[    0.594549] Asymmetric key parser 'x509' registered
[    0.595377] Block layer SCSI generic (bsg) driver version 0.4 loaded (major 244)
[    0.596462] io scheduler mq-deadline registered
[    0.597292] shpchp: Standard Hot Plug PCI Controller Driver version: 0.4
[    0.598321] input: Power Button as /devices/LNXSYSTM:00/LNXPWRBN:00/input/input0
[    0.599539] ACPI: Power Button [PWRF]
[    0.618878] PCI Interrupt Link [LNKC] enabled at IRQ 11
[    0.638989] PCI Interrupt Link [LNKD] enabled at IRQ 10
[    0.640554] Serial: 8250/16550 driver, 32 ports, IRQ sharing enabled
[    0.665331] 00:04: ttyS0 at I/O 0x3f8 (irq = 4, base_baud = 115200) is a 16550A
[    0.667791] Linux agpgart interface v0.103
[    0.797191] loop: module loaded
[    0.799603] scsi host0: ata_piix
[    0.800755] scsi host1: ata_piix
[    0.802029] ata1: PATA max MWDMA2 cmd 0x1f0 ctl 0x3f6 bmdma 0xc060 irq 14
[    0.804364] ata2: PATA max MWDMA2 cmd 0x170 ctl 0x376 bmdma 0xc068 irq 15
[    0.807783] libphy: Fixed MDIO Bus: probed
[    0.809134] tun: Universal TUN/TAP device driver, 1.6
[    0.810414] PPP generic driver version 2.4.2
[    0.811843] VFIO - User Level meta-driver version: 0.3
[    0.813535] ehci_hcd: USB 2.0 'Enhanced' Host Controller (EHCI) Driver
[    0.815645] ehci-pci: EHCI PCI platform driver
[    0.817076] ehci-platform: EHCI generic platform driver
[    0.818818] ohci_hcd: USB 1.1 'Open' Host Controller (OHCI) Driver
[    0.820652] ohci-pci: OHCI PCI platform driver
[    0.821442] ohci-platform: OHCI generic platform driver
[    0.822205] uhci_hcd: USB Universal Host Controller Interface driver
[    0.823149] i8042: PNP: PS/2 Controller [PNP0303:KBD,PNP0f13:MOU] at 0x60,0x64 irq 1,12
[    0.824881] serio: i8042 KBD port at 0x60,0x64 irq 1
[    0.825655] serio: i8042 AUX port at 0x60,0x64 irq 12
[    0.826508] mousedev: PS/2 mouse device common for all mice
[    0.827526] rtc_cmos 00:05: RTC can wake from S4
[    0.828644] input: AT Translated Set 2 keyboard as /devices/platform/i8042/serio0/input/input1
[    0.829310] rtc_cmos 00:05: registered as rtc0
[    0.831636] rtc_cmos 00:05: alarms up to one day, y3k, 242 bytes nvram, hpet irqs
[    0.833142] i2c /dev entries driver
[    0.833706] device-mapper: uevent: version 1.0.3
[    0.834490] device-mapper: ioctl: 4.41.0-ioctl (2019-09-16) initialised: dm-devel@redhat.com
[    0.835645] platform eisa.0: Probing EISA bus 0
[    0.836289] platform eisa.0: EISA: Cannot allocate resource for mainboard
[    0.837305] platform eisa.0: Cannot allocate resource for EISA slot 1
[    0.838322] platform eisa.0: Cannot allocate resource for EISA slot 2
[    0.839320] platform eisa.0: Cannot allocate resource for EISA slot 3
[    0.840407] platform eisa.0: Cannot allocate resource for EISA slot 4
[    0.841497] platform eisa.0: Cannot allocate resource for EISA slot 5
[    0.842573] platform eisa.0: Cannot allocate resource for EISA slot 6
[    0.843647] platform eisa.0: Cannot allocate resource for EISA slot 7
[    0.844796] platform eisa.0: Cannot allocate resource for EISA slot 8
[    0.845889] platform eisa.0: EISA: Detected 0 cards
[    0.846738] intel_pstate: CPU model not supported
[    0.847682] ledtrig-cpu: registered to indicate activity on CPUs
[    0.848624] drop_monitor: Initializing network drop monitor service
[    0.849727] NET: Registered protocol family 10
[    0.856321] Segment Routing with IPv6
[    0.857278] NET: Registered protocol family 17
[    0.858393] Key type dns_resolver registered
[    0.859674] RAS: Correctable Errors collector initialized.
[    0.861104] IPI shorthand broadcast: enabled
[    0.862187] sched_clock: Marking stable (735776837, 125321236)->(940653728, -79555655)
[    0.864226] registered taskstats version 1
[    0.865243] Loading compiled-in X.509 certificates
[    0.866702] Loaded X.509 cert 'Build time autogenerated kernel key: 92f0bd9ca5683f6b296baf0cd33861a222c877ca'
[    0.869038] Loaded X.509 cert 'Canonical Ltd. Live Patch Signing: 14df34d1a87cf37625abec039ef2bf521249b969'
[    0.871293] Loaded X.509 cert 'Canonical Ltd. Kernel Module Signing: 88f752e560a1e0737e31163a466ad7b70a850c19'
[    0.873180] zswap: loaded using pool lzo/zbud
[    0.874114] Key type ._fscrypt registered
[    0.874876] Key type .fscrypt registered
[    0.883759] Key type big_key registered
[    0.886732] Key type encrypted registered
[    0.887964] AppArmor: AppArmor sha1 policy hashing enabled
[    0.889594] ima: No TPM chip found, activating TPM-bypass!
[    0.891026] ima: Allocated hash algorithm: sha1
[    0.892108] ima: No architecture policies found
[    0.893242] evm: Initialising EVM extended attributes:
[    0.894399] evm: security.selinux
[    0.895258] evm: security.SMACK64
[    0.896110] evm: security.SMACK64EXEC
[    0.897019] evm: security.SMACK64TRANSMUTE
[    0.898072] evm: security.SMACK64MMAP
[    0.899031] evm: security.apparmor
[    0.899831] evm: security.ima
[    0.900537] evm: security.capability
[    0.901165] evm: HMAC attrs: 0x1
[    0.902214] PM:   Magic number: 9:519:129
[    0.902947] nvmem cmos_nvram0: hash matches
[    0.903688] event_source kprobe: hash matches
[    0.904448] acpi device:04: hash matches
[    0.905202] rtc_cmos 00:05: setting system clock to 2021-10-14T13:06:51 UTC (1634216811)
[    0.967805] Freeing unused decrypted memory: 2040K
[    0.971641] Freeing unused kernel image memory: 2728K
[    0.974166] Write protecting the kernel read-only data: 22528k
[    0.977745] Freeing unused kernel image memory: 2008K
[    0.979461] Freeing unused kernel image memory: 1128K
[    0.987435] x86/mm: Checked W+X mappings: passed, no W+X pages found.
[    0.988364] x86/mm: Checking user space page tables
[    0.995581] x86/mm: Checked W+X mappings: passed, no W+X pages found.
[    0.996808] Run /init as init process
Loading, please wait...
Starting version 245.4-4ubuntu3.13
[    1.048302] Floppy drive(s): fd0 is 2.88M AMI BIOS
[    1.055513] piix4_smbus 0000:00:01.3: SMBus Host Controller at 0x700, revision 0
[    1.064651] input: VirtualPS/2 VMware VMMouse as /devices/platform/i8042/serio1/input/input4
[    1.066279] input: VirtualPS/2 VMware VMMouse as /devices/platform/i8042/serio1/input/input3
[    1.069871] FDC 0 is a S82078B
[    1.070901] cryptd: max_cpu_qlen set to 1000
[    1.074556] AVX2 version of gcm_enc/dec engaged.
[    1.075229] AES CTR mode by8 optimization enabled
[    1.079616] scsi host2: Virtio SCSI HBA
[    1.081451] scsi 2:0:0:0: Direct-Access     QEMU     QEMU HARDDISK    2.5+ PQ: 0 ANSI: 5
[    1.088010] virtio_net virtio0 ens3: renamed from eth0
[    1.088973] nvme nvme0: pci function 0000:00:05.0
[    1.093802] scsi 2:0:0:0: Attached scsi generic sg0 type 0
[    1.093905] sd 2:0:0:0: Power-on or device reset occurred
[    1.095678] sd 2:0:0:0: [sda] 167772160 512-byte logical blocks: (85.9 GB/80.0 GiB)
[    1.096890] sd 2:0:0:0: [sda] Write Protect is off
[    1.097900] sd 2:0:0:0: [sda] Write cache: enabled, read cache: enabled, doesn't support DPO or FUA
[    1.100206] bochs-drm 0000:00:02.0: remove_conflicting_pci_framebuffers: bar 0: 0xfd000000 -> 0xfdffffff
[    1.101377]  sda: sda1 sda2
[    1.103775] bochs-drm 0000:00:02.0: remove_conflicting_pci_framebuffers: bar 2: 0xfebd2000 -> 0xfebd2fff
[    1.106984] bochs-drm 0000:00:02.0: vgaarb: deactivate vga console
[    1.110113] PCI Interrupt Link [LNKA] enabled at IRQ 10
[    1.116899] Console: switching to colour dummy device 80x25
[    1.119650] [drm] Found bochs VGA, ID 0xb0c0.
[    1.120568] [drm] Framebuffer size 16384 kB @ 0xfd000000, mmio @ 0xfebd2000.
[    1.122315] [TTM] Zone  kernel: Available graphics memory: 2015032 KiB
[    1.124567] [TTM] Initializing pool allocator
[    1.124679] nvme nvme0: 4/0/0 default/read/poll queues
[    1.125369] [TTM] Initializing DMA pool allocator
[    1.128338] [drm] Found EDID data blob.
[    1.129150] [drm] Initialized bochs-drm 1.0.0 20130925 for 0000:00:02.0 on minor 0
[    1.130858] sd 2:0:0:0: [sda] Attached SCSI disk
[    1.132187] fbcon: bochs-drmdrmfb (fb0) is primary device
[    1.134229] Console: switching to colour frame buffer device 128x48
[    1.136862] bochs-drm 0000:00:02.0: fb0: bochs-drmdrmfb frame buffer device
[ssd_read]: lpn=0, state=255
Lat = 1000
[ssd_read]: lpn=1, state=255
Lat = 1000
[ssd_read]: lpn=3, state=255
Lat = 1000
[ssd_read]: lpn=1048560, state=255
Lat = 1000
[ssd_read]: lpn=1048574, state=255
Lat = 1000
[ssd_read]: lpn=0, state=255
Lat = 1000
[ssd_read]: lpn=1, state=255
Lat = 1000
[ssd_read]: lpn=1048575, state=255
Lat = 1000
[ssd_read]: lpn=1048543, state=255
Lat = 1000
[ssd_read]: lpn=1048568, state=255
Lat = 1000
[ssd_read]: lpn=1048544, state=255
Lat = 1000
[ssd_read]: lpn=1048526, state=255
Lat = 1000
[ssd_read]: lpn=1048502, state=255
Lat = 1000
[ssd_read]: lpn=1048491, state=255
Lat = 1000
[ssd_read]: lpn=1048484, state=255
Lat = 1000
[ssd_read]: lpn=1048462, state=255
Lat = 1000
[ssd_read]: lpn=1048454, state=255
Lat = 1000
[ssd_read]: lpn=1048452, state=255
Lat = 1000
[ssd_read]: lpn=1048457, state=255
Lat = 1000
[ssd_read]: lpn=1048190, state=255
Lat = 1000
[ssd_read]: lpn=4, state=255
Lat = 1000
[ssd_read]: lpn=8, state=255
Lat = 1000
[ssd_read]: lpn=16, state=255
Lat = 1000
[ssd_read]: lpn=32, state=255
Lat = 1000
[ssd_read]: lpn=64, state=255
Lat = 1000
[ssd_read]: lpn=128, state=255
Lat = 1000
[ssd_read]: lpn=256, state=255
Lat = 1000
[ssd_read]: lpn=512, state=255
Lat = 1000
[ssd_read]: lpn=1024, state=255
Lat = 1000
[ssd_read]: lpn=3, state=255
Lat = 1000
[ssd_read]: lpn=7, state=255
Lat = 1000
[ssd_read]: lpn=15, state=255
Lat = 1000
[ssd_read]: lpn=2, state=255
Lat = 1000
[ssd_read]: lpn=5, state=255
[ssd_read]: lpn=6, state=255
Lat = 1000
[ssd_read]: lpn=9, state=255
[ssd_read]: lpn=10, state=255
[ssd_read]: lpn=11, state=255
[ssd_read]: lpn=12, state=255
[ssd_read]: lpn=13, state=255
[ssd_read]: lpn=14, state=255
Lat = 1000
[ssd_read]: lpn=17, state=255
[ssd_read]: lpn=18, state=255
[ssd_read]: lpn=19, state=255
[ssd_read]: lpn=20, state=255
[ssd_read]: lpn=21, state=255
[ssd_read]: lpn=22, state=255
[ssd_read]: lpn=23, state=255
[ssd_read]: lpn=24, state=255
[ssd_read]: lpn=25, state=255
[ssd_read]: lpn=26, state=255
[ssd_read]: lpn=27, state=255
[ssd_read]: lpn=28, state=255
[ssd_read]: lpn=29, state=255
[ssd_read]: lpn=30, state=255
[ssd_read]: lpn=31, state=255
Lat = 1000
[[ssd_read]: lpn=33, state=255
[ssd_read]: lpn=34, state=255
[ssd_read]: lpn=35, state=255
 [ssd_read]: lpn=36, state=255
[ssd_read]: lpn=37, state=255
[ssd_read]: lpn=38, state=255
[ssd_read]: lpn=39, state=255
[ssd_read]: lpn=40, state=255
[ssd_read]: lpn=41, state=255
[ssd_read]: lpn=42, state=255
[ssd_read]: lpn=43, state=255
[ssd_read]: lpn=44, state=255
[ssd_read]: lpn=45, state=255
[ssd_read]: lpn=46, state=255
[ssd_read]: lpn=47, state=255
[ssd_read]: lpn=48, state=255
[ssd_read]: lpn=49, state=255
[ssd_read]: lpn=50, state=255
[ssd_read]: lpn=51, state=255
[ssd_read]: lpn=52, state=255
[ssd_read]: lpn=53, state=255
[ssd_read]: lpn=54, state=255
[ssd_read]: lpn=55, state=255
[ssd_read]: lpn=56, state=255
[ssd_read]: lpn=57, state=255
[ssd_read]: lpn=58, state=255
[ssd_read]: lpn=59, state=255
[ssd_read]: lpn=60, state=255
[ssd_read]: lpn=61, state=255
[ssd_read]: lpn=62, state=255
[ssd_read]: lpn=63, state=255
Lat = 1000
   1.193[ssd_read]: lpn=65, state=255
[ssd_read]: lpn=66, state=255
[ssd_read]: lpn=67, state=255
[ssd_read]: lpn=68, state=255
[ssd_read]: lpn=69, state=255
[ssd_read]: lpn=70, state=255
[ssd_read]: lpn=71, state=255
[ssd_read]: lpn=72, state=255
[ssd_read]: lpn=73, state=255
[ssd_read]: lpn=74, state=255
[ssd_read]: lpn=75, state=255
[ssd_read]: lpn=76, state=255
[ssd_read]: lpn=77, state=255
[ssd_read]: lpn=78, state=255
[ssd_read]: lpn=79, state=255
[ssd_read]: lpn=80, state=255
[ssd_read]: lpn=81, state=255
[ssd_read]: lpn=82, state=255
[ssd_read]: lpn=83, state=255
[ssd_read]: lpn=84, state=255
[ssd_read]: lpn=85, state=255
[ssd_read]: lpn=86, state=255
[ssd_read]: lpn=87, state=255
[ssd_read]: lpn=88, state=255
[ssd_read]: lpn=89, state=255
[ssd_read]: lpn=90, state=255
[ssd_read]: lpn=91, state=255
[ssd_read]: lpn=92, state=255
1[ssd_read]: lpn=93, state=255
[ssd_read]: lpn=94, state=255
[ssd_read]: lpn=95, state=255
[ssd_read]: lpn=96, state=255
[ssd_read]: lpn=97, state=255
[ssd_read]: lpn=98, state=255
[ssd_read]: lpn=99, state=255
[ssd_read]: lpn=100, state=255
[ssd_read]: lpn=101, state=255
[ssd_read]: lpn=102, state=255
[ssd_read]: lpn=103, state=255
[ssd_read]: lpn=104, state=255
[ssd_read]: lpn=105, state=255
[ssd_read]: lpn=106, state=255
[ssd_read]: lpn=107, state=255
[ssd_read]: lpn=108, state=255
[ssd_read]: lpn=109, state=255
[ssd_read]: lpn=110, state=255
[ssd_read]: lpn=111, state=255
[ssd_read]: lpn=112, state=255
[ssd_read]: lpn=113, state=255
[ssd_read]: lpn=114, state=255
[ssd_read]: lpn=115, state=255
[ssd_read]: lpn=116, state=255
[ssd_read]: lpn=117, state=255
[ssd_read]: lpn=118, state=255
7[ssd_read]: lpn=119, state=255
[ssd_read]: lpn=120, state=255
[ssd_read]: lpn=121, state=255
[ssd_read]: lpn=122, state=255
[ssd_read]: lpn=123, state=255
[ssd_read]: lpn=124, state=255
[ssd_read]: lpn=125, state=255
[ssd_read]: lpn=126, state=255
[ssd_read]: lpn=127, state=255
Lat = 1000
8] blk_upda[ssd_read]: lpn=1048448, state=255
[ssd_read]: lpn=1048449, state=255
[ssd_read]: lpn=1048450, state=255
[ssd_read]: lpn=1048451, state=255
Lat = 1000
[ssd_read]: lpn=1048453, state=255
Lat = 1000
t[ssd_read]: lpn=1048455, state=255
[ssd_read]: lpn=1048456, state=255
Lat = 1000
[ssd_read]: lpn=1048458, state=255
[ssd_read]: lpn=1048459, state=255
[ssd_read]: lpn=1048460, state=255
[ssd_read]: lpn=1048461, state=255
Lat = 1000
e_[ssd_read]: lpn=1048463, state=255
[ssd_read]: lpn=1048464, state=255
[ssd_read]: lpn=1048465, state=255
[ssd_read]: lpn=1048466, state=255
[ssd_read]: lpn=1048467, state=255
[ssd_read]: lpn=1048468, state=255
[ssd_read]: lpn=1048469, state=255
r[ssd_read]: lpn=1048470, state=255
[ssd_read]: lpn=1048471, state=255
[ssd_read]: lpn=1048472, state=255
[ssd_read]: lpn=1048473, state=255
[ssd_read]: lpn=1048474, state=255
[ssd_read]: lpn=1048475, state=255
[ssd_read]: lpn=1048476, state=255
[ssd_read]: lpn=1048477, state=255
[ssd_read]: lpn=1048478, state=255
[ssd_read]: lpn=1048479, state=255
[ssd_read]: lpn=1048480, state=255
[ssd_read]: lpn=1048481, state=255
[ssd_read]: lpn=1048482, state=255
[ssd_read]: lpn=1048483, state=255
Lat = 1000
[ssd_read]: lpn=1048485, state=255
[ssd_read]: lpn=1048486, state=255
[ssd_read]: lpn=1048487, state=255
[ssd_read]: lpn=1048488, state=255
[ssd_read]: lpn=1048489, state=255
[ssd_read]: lpn=1048490, state=255
Lat = 1000
e[ssd_read]: lpn=1048492, state=255
[ssd_read]: lpn=1048493, state=255
[ssd_read]: lpn=1048494, state=255
[ssd_read]: lpn=1048495, state=255
[ssd_read]: lpn=1048496, state=255
[ssd_read]: lpn=1048497, state=255
[ssd_read]: lpn=1048498, state=255
[ssd_read]: lpn=1048499, state=255
[ssd_read]: lpn=1048500, state=255
[ssd_read]: lpn=1048501, state=255
Lat = 1000
q[ssd_read]: lpn=1048503, state=255
[ssd_read]: lpn=1048504, state=255
[ssd_read]: lpn=1048505, state=255
[ssd_read]: lpn=1048506, state=255
[ssd_read]: lpn=1048507, state=255
[ssd_read]: lpn=1048508, state=255
[ssd_read]: lpn=1048509, state=255
[ssd_read]: lpn=1048510, state=255
[ssd_read]: lpn=1048511, state=255
Lat = 1000
uest:[ssd_read]: lpn=1048512, state=255
[ssd_read]: lpn=1048513, state=255
[ssd_read]: lpn=1048514, state=255
[ssd_read]: lpn=1048515, state=255
 [ssd_read]: lpn=1048516, state=255
[ssd_read]: lpn=1048517, state=255
[ssd_read]: lpn=1048518, state=255
[ssd_read]: lpn=1048519, state=255
[ssd_read]: lpn=1048520, state=255
[ssd_read]: lpn=1048521, state=255
[ssd_read]: lpn=1048522, state=255
[ssd_read]: lpn=1048523, state=255
[ssd_read]: lpn=1048524, state=255
[ssd_read]: lpn=1048525, state=255
Lat = 1000
I/[ssd_read]: lpn=1048527, state=255
[ssd_read]: lpn=1048528, state=255
[ssd_read]: lpn=1048529, state=255
[ssd_read]: lpn=1048530, state=255
[ssd_read]: lpn=1048531, state=255
[ssd_read]: lpn=1048532, state=255
[ssd_read]: lpn=1048533, state=255
[ssd_read]: lpn=1048534, state=255
[ssd_read]: lpn=1048535, state=255
[ssd_read]: lpn=1048536, state=255
[ssd_read]: lpn=1048537, state=255
[ssd_read]: lpn=1048538, state=255
[ssd_read]: lpn=1048539, state=255
[ssd_read]: lpn=1048540, state=255
[ssd_read]: lpn=1048541, state=255
[ssd_read]: lpn=1048542, state=255
Lat = 1000
O[ssd_read]: lpn=1048545, state=255
[ssd_read]: lpn=1048546, state=255
[ssd_read]: lpn=1048547, state=255
[ssd_read]: lpn=1048548, state=255
[ssd_read]: lpn=1048549, state=255
[ssd_read]: lpn=1048550, state=255
[ssd_read]: lpn=1048551, state=255
 [ssd_read]: lpn=1048552, state=255
[ssd_read]: lpn=1048553, state=255
[ssd_read]: lpn=1048554, state=255
[ssd_read]: lpn=1048555, state=255
[ssd_read]: lpn=1048556, state=255
[ssd_read]: lpn=1048557, state=255
[ssd_read]: lpn=1048558, state=255
[ssd_read]: lpn=1048559, state=255
Lat = 1000
[ssd_read]: lpn=1048561, state=255
[ssd_read]: lpn=1048562, state=255
[ssd_read]: lpn=1048563, state=255
[ssd_read]: lpn=1048564, state=255
[ssd_read]: lpn=1048565, state=255
[ssd_read]: lpn=1048566, state=255
[ssd_read]: lpn=1048567, state=255
Lat = 1000
e[ssd_read]: lpn=1048569, state=255
[ssd_read]: lpn=1048570, state=255
[ssd_read]: lpn=1048571, state=255
[ssd_read]: lpn=1048572, state=255
[ssd_read]: lpn=1048573, state=255
Lat = 1000
rror, dev fd0, sector 0 op 0x0:(READ) flags 0x0 phys_seg 1 prio class 0
[    1.196871] floppy: error 10 while reading block 0
Begin: Loading essential drivers ... [    1.349128] raid6: avx512x4 gen() 51709 MB/s
[    1.397126] raid6: avx512x4 xor() 21875 MB/s
[    1.445123] raid6: avx512x2 gen() 45073 MB/s
[    1.493124] raid6: avx512x2 xor() 22501 MB/s
[    1.541124] raid6: avx512x1 gen() 30234 MB/s
[    1.589138] raid6: avx512x1 xor() 20486 MB/s
[    1.637137] raid6: avx2x4   gen() 37277 MB/s
[    1.685137] raid6: avx2x4   xor() 21643 MB/s
[    1.733121] raid6: avx2x2   gen() 33066 MB/s
[    1.781122] raid6: avx2x2   xor() 20810 MB/s
[    1.829168] raid6: avx2x1   gen() 26655 MB/s
[    1.877127] raid6: avx2x1   xor() 18669 MB/s
[    1.925171] raid6: sse2x4   gen() 13545 MB/s
[    1.973196] raid6: sse2x4   xor()  8499 MB/s
[    2.021170] raid6: sse2x2   gen() 12590 MB/s
[    2.069173] raid6: sse2x2   xor()  8046 MB/s
[    2.117174] raid6: sse2x1   gen() 11236 MB/s
[    2.165126] raid6: sse2x1   xor()  6445 MB/s
[    2.165645] raid6: using algorithm avx512x4 gen() 51709 MB/s
[    2.166672] raid6: .... xor() 21875 MB/s, rmw enabled
[    2.167613] raid6: using avx512x2 recovery algorithm
[    2.171401] xor: automatically using best checksumming function   avx       
[    2.175613] async_tx: api initialized (async)
done.
Begin: Running /scripts/init-premount ... done.
Begin: Mounting root file system ... Begin: Running /scripts/local-top ... done.
Begin: Running /scripts/local-premount ... [    2.224904] Btrfs loaded, crc32c=crc32c-intel
Scanning for Btrfs filesystems
[    2.253176] blk_update_request: I/O error, dev fd0, sector 0 op 0x0:(READ) flags 0x0 phys_seg 1 prio class 0
[    2.257992] floppy: error 10 while reading block 0
[ssd_read]: lpn=1048560, state=255
Lat = 1000
[ssd_read]: lpn=1048574, state=255
Lat = 1000
[ssd_read]: lpn=0, state=255
Lat = 1000
[ssd_read]: lpn=1, state=255
Lat = 1000
[ssd_read]: lpn=1048575, state=255
Lat = 1000
[ssd_read]: lpn=1048543, state=255
Lat = 1000
[ssd_read]: lpn=1048568, state=255
Lat = 1000
[ssd_read]: lpn=1048544, state=255
Lat = 1000
[ssd_read]: lpn=1048526, state=255
Lat = 1000
[ssd_read]: lpn=1048502, state=255
Lat = 1000
[ssd_read]: lpn=1048491, state=255
Lat = 1000
[ssd_read]: lpn=1048484, state=255
Lat = 1000
[ssd_read]: lpn=1048462, state=255
Lat = 1000
[ssd_read]: lpn=1048454, state=255
Lat = 1000
[ssd_read]: lpn=1048452, state=255
Lat = 1000
[ssd_read]: lpn=1048457, state=255
Lat = 1000
[ssd_read]: lpn=1048190, state=255
Lat = 1000
[ssd_read]: lpn=4, state=255
Lat = 1000
[ssd_read]: lpn=8, state=255
Lat = 1000
[ssd_read]: lpn=16, state=255
Lat = 1000
[ssd_read]: lpn=32, state=255
Lat = 1000
[ssd_read]: lpn=64, state=255
Lat = 1000
[ssd_read]: lpn=128, state=255
Lat = 1000
[ssd_read]: lpn=256, state=255
Lat = 1000
[ssd_read]: lpn=512, state=255
Lat = 1000
[ssd_read]: lpn=1024, state=255
Lat = 1000
[ssd_read]: lpn=3, state=255
Lat = 1000
[ssd_read]: lpn=7, state=255
Lat = 1000
[ssd_read]: lpn=15, state=255
Lat = 1000
[ssd_read]: lpn=2, state=255
Lat = 1000
[ssd_read]: lpn=5, state=255
[ssd_read]: lpn=6, state=255
Lat = 1000
[ssd_read]: lpn=9, state=255
[ssd_read]: lpn=10, state=255
[ssd_read]: lpn=11, state=255
[ssd_read]: lpn=12, state=255
[ssd_read]: lpn=13, state=255
[ssd_read]: lpn=14, state=255
Lat = 1000
[ssd_read]: lpn=17, state=255
[ssd_read]: lpn=18, state=255
[ssd_read]: lpn=19, state=255
[ssd_read]: lpn=20, state=255
[ssd_read]: lpn=21, state=255
[ssd_read]: lpn=22, state=255
[ssd_read]: lpn=23, state=255
[ssd_read]: lpn=24, state=255
[ssd_read]: lpn=25, state=255
[ssd_read]: lpn=26, state=255
[ssd_read]: lpn=27, state=255
[ssd_read]: lpn=28, state=255
[ssd_read]: lpn=29, state=255
[ssd_read]: lpn=30, state=255
[ssd_read]: lpn=31, state=255
Lat = 1000
[ssd_read]: lpn=33, state=255
[ssd_read]: lpn=34, state=255
[ssd_read]: lpn=35, state=255
[ssd_read]: lpn=36, state=255
[ssd_read]: lpn=37, state=255
[ssd_read]: lpn=38, state=255
[ssd_read]: lpn=39, state=255
[ssd_read]: lpn=40, state=255
[ssd_read]: lpn=41, state=255
[ssd_read]: lpn=42, state=255
[ssd_read]: lpn=43, state=255
[ssd_read]: lpn=44, state=255
[ssd_read]: lpn=45, state=255
[ssd_read]: lpn=46, state=255
[ssd_read]: lpn=47, state=255
[ssd_read]: lpn=48, state=255
[ssd_read]: lpn=49, state=255
[ssd_read]: lpn=50, state=255
[ssd_read]: lpn=51, state=255
[ssd_read]: lpn=52, state=255
[ssd_read]: lpn=53, state=255
[ssd_read]: lpn=54, state=255
[ssd_read]: lpn=55, state=255
[ssd_read]: lpn=56, state=255
[ssd_read]: lpn=57, state=255
[ssd_read]: lpn=58, state=255
[ssd_read]: lpn=59, state=255
[ssd_read]: lpn=60, state=255
[ssd_read]: lpn=61, state=255
[ssd_read]: lpn=62, state=255
[ssd_read]: lpn=63, state=255
Lat = 1000
[ssd_read]: lpn=65, state=255
[ssd_read]: lpn=66, state=255
[ssd_read]: lpn=67, state=255
[ssd_read]: lpn=68, state=255
[ssd_read]: lpn=69, state=255
[ssd_read]: lpn=70, state=255
[ssd_read]: lpn=71, state=255
[ssd_read]: lpn=72, state=255
[ssd_read]: lpn=73, state=255
[ssd_read]: lpn=74, state=255
[ssd_read]: lpn=75, state=255
[ssd_read]: lpn=76, state=255
[ssd_read]: lpn=77, state=255
[ssd_read]: lpn=78, state=255
[ssd_read]: lpn=79, state=255
[ssd_read]: lpn=80, state=255
[ssd_read]: lpn=81, state=255
[ssd_read]: lpn=82, state=255
[ssd_read]: lpn=83, state=255
[ssd_read]: lpn=84, state=255
[ssd_read]: lpn=85, state=255
[ssd_read]: lpn=86, state=255
[ssd_read]: lpn=87, state=255
[ssd_read]: lpn=88, state=255
[ssd_read]: lpn=89, state=255
[ssd_read]: lpn=90, state=255
[ssd_read]: lpn=91, state=255
[ssd_read]: lpn=92, state=255
[ssd_read]: lpn=93, state=255
[ssd_read]: lpn=94, state=255
[ssd_read]: lpn=95, state=255
[ssd_read]: lpn=96, state=255
[ssd_read]: lpn=97, state=255
[ssd_read]: lpn=98, state=255
[ssd_read]: lpn=99, state=255
[ssd_read]: lpn=100, state=255
[ssd_read]: lpn=101, state=255
[ssd_read]: lpn=102, state=255
[ssd_read]: lpn=103, state=255
[ssd_read]: lpn=104, state=255
[ssd_read]: lpn=105, state=255
[ssd_read]: lpn=106, state=255
[ssd_read]: lpn=107, state=255
[ssd_read]: lpn=108, state=255
[ssd_read]: lpn=109, state=255
[ssd_read]: lpn=110, state=255
[ssd_read]: lpn=111, state=255
[ssd_read]: lpn=112, state=255
[ssd_read]: lpn=113, state=255
[ssd_read]: lpn=114, state=255
[ssd_read]: lpn=115, state=255
[ssd_read]: lpn=116, state=255
[ssd_read]: lpn=117, state=255
[ssd_read]: lpn=118, state=255
[ssd_read]: lpn=119, state=255
[ssd_read]: lpn=120, state=255
[ssd_read]: lpn=121, state=255
[ssd_read]: lpn=122, state=255
[ssd_read]: lpn=123, state=255
[ssd_read]: lpn=124, state=255
[ssd_read]: lpn=125, state=255
[ssd_read]: lpn=126, state=255
[ssd_read]: lpn=127, state=255
Lat = 1000
[ssd_read]: lpn=1048448, state=255
[ssd_read]: lpn=1048449, state=255
[ssd_read]: lpn=1048450, state=255
[ssd_read]: lpn=1048451, state=255
Lat = 1000
[ssd_read]: lpn=1048453, state=255
Lat = 1000
[ssd_read]: lpn=1048455, state=255
[ssd_read]: lpn=1048456, state=255
Lat = 1000
[ssd_read]: lpn=1048458, state=255
[ssd_read]: lpn=1048459, state=255
[ssd_read]: lpn=1048460, state=255
[ssd_read]: lpn=1048461, state=255
Lat = 1000
[ssd_read]: lpn=1048463, state=255
[ssd_read]: lpn=1048464, state=255
[ssd_read]: lpn=1048465, state=255
[ssd_read]: lpn=1048466, state=255
[ssd_read]: lpn=1048467, state=255
[ssd_read]: lpn=1048468, state=255
[ssd_read]: lpn=1048469, state=255
[ssd_read]: lpn=1048470, state=255
[ssd_read]: lpn=1048471, state=255
[ssd_read]: lpn=1048472, state=255
[ssd_read]: lpn=1048473, state=255
[ssd_read]: lpn=1048474, state=255
[ssd_read]: lpn=1048475, state=255
[ssd_read]: lpn=1048476, state=255
[ssd_read]: lpn=1048477, state=255
[ssd_read]: lpn=1048478, state=255
[ssd_read]: lpn=1048479, state=255
[ssd_read]: lpn=1048480, state=255
[ssd_read]: lpn=1048481, state=255
[ssd_read]: lpn=1048482, state=255
[ssd_read]: lpn=1048483, state=255
Lat = 1000
[ssd_read]: lpn=1048485, state=255
[ssd_read]: lpn=1048486, state=255
[ssd_read]: lpn=1048487, state=255
[ssd_read]: lpn=1048488, state=255
[ssd_read]: lpn=1048489, state=255
[ssd_read]: lpn=1048490, state=255
Lat = 1000
[ssd_read]: lpn=1048492, state=255
[ssd_read]: lpn=1048493, state=255
[ssd_read]: lpn=1048494, state=255
[ssd_read]: lpn=1048495, state=255
[ssd_read]: lpn=1048496, state=255
[ssd_read]: lpn=1048497, state=255
[ssd_read]: lpn=1048498, state=255
[ssd_read]: lpn=1048499, state=255
[ssd_read]: lpn=1048500, state=255
[ssd_read]: lpn=1048501, state=255
Lat = 1000
[ssd_read]: lpn=1048503, state=255
[ssd_read]: lpn=1048504, state=255
[ssd_read]: lpn=1048505, state=255
[ssd_read]: lpn=1048506, state=255
[ssd_read]: lpn=1048507, state=255
[ssd_read]: lpn=1048508, state=255
[ssd_read]: lpn=1048509, state=255
[ssd_read]: lpn=1048510, state=255
[ssd_read]: lpn=1048511, state=255
Lat = 1000
[ssd_read]: lpn=1048512, state=255
[ssd_read]: lpn=1048513, state=255
[ssd_read]: lpn=1048514, state=255
[ssd_read]: lpn=1048515, state=255
[ssd_read]: lpn=1048516, state=255
[ssd_read]: lpn=1048517, state=255
[ssd_read]: lpn=1048518, state=255
[ssd_read]: lpn=1048519, state=255
[ssd_read]: lpn=1048520, state=255
[ssd_read]: lpn=1048521, state=255
[ssd_read]: lpn=1048522, state=255
[ssd_read]: lpn=1048523, state=255
[ssd_read]: lpn=1048524, state=255
[ssd_read]: lpn=1048525, state=255
Lat = 1000
[ssd_read]: lpn=1048527, state=255
[ssd_read]: lpn=1048528, state=255
[ssd_read]: lpn=1048529, state=255
[ssd_read]: lpn=1048530, state=255
[ssd_read]: lpn=1048531, state=255
[ssd_read]: lpn=1048532, state=255
[ssd_read]: lpn=1048533, state=255
[ssd_read]: lpn=1048534, state=255
[ssd_read]: lpn=1048535, state=255
[ssd_read]: lpn=1048536, state=255
[ssd_read]: lpn=1048537, state=255
[ssd_read]: lpn=1048538, state=255
[ssd_read]: lpn=1048539, state=255
[ssd_read]: lpn=1048540, state=255
[ssd_read]: lpn=1048541, state=255
[ssd_read]: lpn=1048542, state=255
Lat = 1000
[ssd_read]: lpn=1048545, state=255
[ssd_read]: lpn=1048546, state=255
[ssd_read]: lpn=1048547, state=255
[ssd_read]: lpn=1048548, state=255
[ssd_read]: lpn=1048549, state=255
[ssd_read]: lpn=1048550, state=255
[ssd_read]: lpn=1048551, state=255
[ssd_read]: lpn=1048552, state=255
[ssd_read]: lpn=1048553, state=255
[ssd_read]: lpn=1048554, state=255
[ssd_read]: lpn=1048555, state=255
[ssd_read]: lpn=1048556, state=255
[ssd_read]: lpn=1048557, state=255
[ssd_read]: lpn=1048558, state=255
[ssd_read]: lpn=1048559, state=255
Lat = 1000
[ssd_read]: lpn=1048561, state=255
[ssd_read]: lpn=1048562, state=255
[ssd_read]: lpn=1048563, state=255
[ssd_read]: lpn=1048564, state=255
[ssd_read]: lpn=1048565, state=255
[ssd_read]: lpn=1048566, state=255
[ssd_read]: lpn=1048567, state=255
Lat = 1000
[ssd_read]: lpn=1048569, state=255
[ssd_read]: lpn=1048570, state=255
[ssd_read]: lpn=1048571, state=255
[ssd_read]: lpn=1048572, state=255
[ssd_read]: lpn=1048573, state=255
Lat = 1000
done.
Begin: Will now check root file system ... fsck from util-linux 2.34
[/usr/sbin/fsck.ext4 (1) -- /dev/sda2] fsck.ext4 -a -C0 /dev/sda2 
/dev/sda2: clean, 121839/5242880 files, 2348296/20970752 blocks
done.
[    2.297132] EXT4-fs (sda2): mounted filesystem with ordered data mode. Opts: (null)
done.
Begin: Running /scripts/local-bottom ... done.
Begin: Running /scripts/init-bottom ... Internet Systems Consortium DHCP Client 4.4.1
Copyright 2004-2018 Internet Systems Consortium.
All rights reserved.
For info, please visit https://www.isc.org/software/dhcp/

Listening on LPF/ens3/52:54:00:12:34:56
Sending on   LPF/ens3/52:54:00:12:34:56
Sending on   Socket/fallback
DHCPDISCOVER on ens3 to 255.255.255.255 port 67 interval 3 (xid=0x368fe009)
DHCPOFFER of 10.0.2.15 from 10.0.2.2
DHCPREQUEST for 10.0.2.15 on ens3 to 255.255.255.255 port 67 (xid=0x9e08f36)
DHCPACK of 10.0.2.15 from 10.0.2.2 (xid=0x368fe009)
bound to 10.0.2.15 -- renewal in 41790 seconds.
done.
[    2.502178] systemd[1]: Inserted module 'autofs4'
[    2.513314] systemd[1]: systemd 245.4-4ubuntu3.13 running in system mode. (+PAM +AUDIT +SELINUX +IMA +APPARMOR +SMACK +SYSVINIT +UTMP +LIBCRYPTSETUP +GCRYPT +GNUTLS +ACL +XZ +LZ4 +SECCOMP +BLKID +ELFUTILS +KMOD +IDN2 -IDN +PCRE2 default-hierarchy=hybrid)
[    2.517804] systemd[1]: Detected virtualization kvm.
[    2.518896] systemd[1]: Detected architecture x86-64.

Welcome to [1mUbuntu 20.04.3 LTS[0m!

[    2.541090] systemd[1]: Set hostname to <fvm>.
[    2.655407] systemd[1]: Created slice system-modprobe.slice.
[[0;32m  OK  [0m] Created slice [0;1;39msystem-modprobe.slice[0m.
[    2.658843] systemd[1]: Created slice system-serial\x2dgetty.slice.
[[0;32m  OK  [0m] Created slice [0;1;39msystem-serial\x2dgetty.slice[0m.
[    2.661991] systemd[1]: Created slice User and Session Slice.
[[0;32m  OK  [0m] Created slice [0;1;39mUser and Session Slice[0m.
[    2.664830] systemd[1]: Started Forward Password Requests to Wall Directory Watch.
[[0;32m  OK  [0m] Started [0;1;39mForward Password R…uests to Wall Directory Watch[0m.
[    2.667661] systemd[1]: Set up automount Arbitrary Executable File Formats File System Automount Point.
[[0;32m  OK  [0m] Set up automount [0;1;39mArbitrary…s File System Automount Point[0m.
[    2.670391] systemd[1]: Reached target User and Group Name Lookups.
[[0;32m  OK  [0m] Reached target [0;1;39mUser and Group Name Lookups[0m.
[    2.672803] systemd[1]: Reached target Slices.
[[0;32m  OK  [0m] Reached target [0;1;39mSlices[0m.
[    2.674985] systemd[1]: Listening on Device-mapper event daemon FIFOs.
[[0;32m  OK  [0m] Listening on [0;1;39mDevice-mapper event daemon FIFOs[0m.
[    2.677873] systemd[1]: Listening on LVM2 poll daemon socket.
[[0;32m  OK  [0m] Listening on [0;1;39mLVM2 poll daemon socket[0m.
[    2.679946] systemd[1]: Listening on multipathd control socket.
[[0;32m  OK  [0m] Listening on [0;1;39mmultipathd control socket[0m.
[    2.686571] systemd[1]: Listening on Syslog Socket.
[[0;32m  OK  [0m] Listening on [0;1;39mSyslog Socket[0m.
[    2.689072] systemd[1]: Listening on initctl Compatibility Named Pipe.
[[0;32m  OK  [0m] Listening on [0;1;39minitctl Compatibility Named Pipe[0m.
[    2.692303] systemd[1]: Listening on Journal Audit Socket.
[[0;32m  OK  [0m] Listening on [0;1;39mJournal Audit Socket[0m.
[    2.694442] systemd[1]: Listening on Journal Socket (/dev/log).
[[0;32m  OK  [0m] Listening on [0;1;39mJournal Socket (/dev/log)[0m.
[    2.696455] systemd[1]: Listening on Journal Socket.
[[0;32m  OK  [0m] Listening on [0;1;39mJournal Socket[0m.
[    2.699562] systemd[1]: Listening on Network Service Netlink Socket.
[[0;32m  OK  [0m] Listening on [0;1;39mNetwork Service Netlink Socket[0m.
[    2.702759] systemd[1]: Listening on udev Control Socket.
[[0;32m  OK  [0m] Listening on [0;1;39mudev Control Socket[0m.
[    2.705807] systemd[1]: Listening on udev Kernel Socket.
[[0;32m  OK  [0m] Listening on [0;1;39mudev Kernel Socket[0m.
[    2.710124] systemd[1]: Mounting Huge Pages File System...
         Mounting [0;1;39mHuge Pages File System[0m...
[    2.713886] systemd[1]: Mounting POSIX Message Queue File System...
         Mounting [0;1;39mPOSIX Message Queue File System[0m...
[    2.718565] systemd[1]: Mounting Kernel Debug File System...
         Mounting [0;1;39mKernel Debug File System[0m...
[    2.721803] systemd[1]: Mounting Kernel Trace File System...
         Mounting [0;1;39mKernel Trace File System[0m...
[    2.725230] systemd[1]: Starting Journal Service...
         Starting [0;1;39mJournal Service[0m...
[    2.728009] systemd[1]: Starting Set the console keyboard layout...
         Starting [0;1;39mSet the console keyboard layout[0m...
[    2.732180] systemd[1]: Starting Create list of static device nodes for the current kernel...
         Starting [0;1;39mCreate list of st…odes for the current kernel[0m...
[    2.736287] systemd[1]: Starting Monitoring of LVM2 mirrors, snapshots etc. using dmeventd or progress polling...
         Starting [0;1;39mMonitoring of LVM…meventd or progress polling[0m...
[    2.739939] systemd[1]: Condition check resulted in Load Kernel Module drm being skipped.
[    2.739985] systemd[1]: Condition check resulted in OpenVSwitch configuration for cleanup being skipped.
[    2.744943] systemd[1]: Condition check resulted in Set Up Additional Binary Formats being skipped.
[ssd_read]: lpn=0, state=255
[ssd_read]: lpn=1, state=255
[ssd_read]: lpn=2, state=255
[ssd_read]: lpn=3, state=255
[ssd_read]: lpn=4, state=255
[ssd_read]: lpn=5, state=255
[ssd_read]: lpn=6, state=255
[ssd_read]: lpn=7, state=255
[ssd_read]: lpn=8, state=255
[ssd_read]: lpn=9, state=255
[ssd_read]: lpn=10, state=255
[ssd_read]: lpn=11, state=255
[ssd_read]: lpn=12, state=255
[ssd_read]: lpn=13, state=255
[ssd_read]: lpn=14, state=255
[ssd_read]: lpn=15, state=255
[ssd_read]: lpn=16, state=255
[ssd_read]: lpn=17, state=255
[ssd_read]: lpn=18, state=255
[ssd_read]: lpn=19, state=255
[ssd_read]: lpn=20, state=255
[ssd_read]: lpn=21, state=255
[ssd_read]: lpn=22, state=255
[ssd_read]: lpn=23, state=255
[ssd_read]: lpn=24, state=255
[ssd_read]: lpn=25, state=255
[ssd_read]: lpn=26, state=255
[ssd_read]: lpn=27, state=255
[ssd_read]: lpn=28, state=255
[ssd_read]: lpn=29, state=255
[ssd_read]: lpn=30, state=255
[ssd_read]: lpn=31, state=255
Lat = 1000
[    2.748699] systemd[1]: Starting Load Kernel Modules...
         Starting [0;1;39mLoad Kernel Modules[0m...
[    2.752332] systemd[1]: Starting Remount Root and Kernel File Systems...
         Starting [0;1;39mRemount Root and Kernel File Systems[0m...
[    2.756436] systemd[1]: Starting udev Coldplug all Devices...
         Starting [0;1;39mudev Coldplug all Devices[0m...
[    2.760230] systemd[1]: Starting Uncomplicated firewall...
         Starting [0;1;39mUncomplicated firewall[0m...
[    2.764221] EXT4-fs (sda2): re-mounted. Opts: (null)
[    2.764267] systemd[1]: Mounted Huge Pages File System.
[[0;32m  OK  [0m] Mounted [0;1;39mHuge Pages File System[0m.
[    2.771377] systemd[1]: Mounted POSIX Message Queue File System.
[[0;32m  OK  [0m] Mounted [0;1;39mPOSIX Message Queue File System[0m.
[    2.774292] systemd[1]: Mounted Kernel Debug File System.
[[0;32m  OK  [0m] Mounted [0;1;39mKernel Debug File System[0m.
[    2.777188] systemd[1]: Mounted Kernel Trace File System.
[[0;32m  OK  [0m] Mounted [0;1;39mKernel Trace File System[0m.
[    2.779648] systemd[1]: Finished Create list of static device nodes for the current kernel.
[[0;32m  OK  [0m] Finished [0;1;39mCreate list of st… nodes for the current kernel[0m.
[    2.782105] systemd[1]: Started Journal Service.
[[0;32m  OK  [0m] Started [0;1;39mJournal Service[0m.
[[0;32m  OK  [0m] Finished [0;1;39mMonitoring of LVM… dmeventd or progress polling[0m.
[[0;32m  OK  [0m] Finished [0;1;39mLoad Kernel Modules[0m.
[[0;32m  OK  [0m] Finished [0;1;39mRemount Root and Kernel File Systems[0m.
[[0;32m  OK  [0m] Finished [0;1;39mUncomplicated firewall[0m.
         Activating swap [0;1;39m/swap.img[0m...
         Mounting [0;1;39mFUSE Control File System[0m...
         Mounting [0;1;39mKernel Configuration File System[0m...
         Starting [0;1;39mFlush Journal to Persistent Storage[0m...
         Starting [0;1;39mLoad/Save Random Seed[0m...
         Starting [0;1;39mApply Kernel Variables[0m...
         Starting [0;1;39mCreate System Users[0m...
[[0;32m  OK  [0m] Mounted [0;1;39mFUSE Control File System[0m.
[[0;32m  OK  [0m] Mounted [0;1;39mKernel Configuration File System[0m.
[[0;32m  OK  [0m] Finished [0;1;39mLoad/Save Random Seed[0m.
[[0;32m  OK  [0m] Finished [0;1;39mApply Kernel Variables[0m.
[[0;32m  OK  [0m] Finished [0;1;39mCreate System Users[0m.
         Starting [0;1;39mCreate Static Device Nodes in /dev[0m...
[[0;32m  OK  [0m] Finished [0;1;39mSet the console keyboard layout[0m.
[[0;32m  OK  [0m] Finished [0;1;39mudev Coldplug all Devices[0m.
         Starting [0;1;39mudev Wait for Complete Device Initialization[0m...
[[0;32m  OK  [0m] Finished [0;1;39mCreate Static Device Nodes in /dev[0m.
         Starting [0;1;39mudev Kernel Device Manager[0m...
[[0;32m  OK  [0m] Started [0;1;39mudev Kernel Device Manager[0m.
[[0;32m  OK  [0m] Started [0;1;39mDispatch Password …ts to Console Directory Watch[0m.
[[0;32m  OK  [0m] Reached target [0;1;39mLocal Encrypted Volumes[0m.
         Starting [0;1;39mNetwork Service[0m...
[[0;32m  OK  [0m] Finished [0;1;39mFlush Journal to Persistent Storage[0m.
[[0;32m  OK  [0m] Started [0;1;39mNetwork Service[0m.
         Starting [0;1;39mWait for Network to be Configured[0m...
[[0;32m  OK  [0m] Activated swap [0;1;39m/swap.img[0m.
[[0;32m  OK  [0m] Reached target [0;1;39mSwap[0m.
[[0;32m  OK  [0m] Found device [0;1;39m/dev/ttyS0[0m.
[[0;32m  OK  [0m] Listening on [0;1;39mLoad/Save RF …itch Status /dev/rfkill Watch[0m.
[    3.037143] blk_update_request: I/O error, dev fd0, sector 0 op 0x0:(READ) flags 0x0 phys_seg 1 prio class 0
[ssd_read]: lpn=1048560, state=255
Lat = 1000
[ssd_read]: lpn=1048574, state=255
Lat = 1000
[ssd_read]: lpn=0, state=255
Lat = 1000
[ssd_read]: lpn=1, state=255
Lat = 1000
[ssd_read]: lpn=1048575, state=255
Lat = 1000
[ssd_read]: lpn=1048543, state=255
Lat = 1000
[ssd_read]: lpn=1048568, state=255
Lat = 1000
[ssd_read]: lpn=1048544, state=255
Lat = 1000
[ssd_read]: lpn=1048526, state=255
Lat = 1000
[ssd_read]: lpn=1048502, state=255
Lat = 1000
[ssd_read]: lpn=1048491, state=255
Lat = 1000
[ssd_read]: lpn=1048484, state=255
Lat = 1000
[ssd_read]: lpn=1048462, state=255
Lat = 1000
[ssd_read]: lpn=1048454, state=255
Lat = 1000
[ssd_read]: lpn=1048452, state=255
Lat = 1000
[ssd_read]: lpn=1048457, state=255
Lat = 1000
[ssd_read]: lpn=1048190, state=255
Lat = 1000
[ssd_read]: lpn=4, state=255
Lat = 1000
[ssd_read]: lpn=8, state=255
Lat = 1000
[ssd_read]: lpn=16, state=255
Lat = 1000
[ssd_read]: lpn=32, state=255
Lat = 1000
[ssd_read]: lpn=64, state=255
Lat = 1000
[ssd_read]: lpn=128, state=255
Lat = 1000
[ssd_read]: lpn=256, state=255
Lat = 1000
[ssd_read]: lpn=512, state=255
Lat = 1000
[ssd_read]: lpn=1024, state=255
Lat = 1000
[ssd_read]: lpn=3, state=255
Lat = 1000
[ssd_read]: lpn=7, state=255
Lat = 1000
[ssd_read]: lpn=15, state=255
Lat = 1000
[ssd_read]: lpn=2, state=255
Lat = 1000
[ssd_read]: lpn=5, state=255
[ssd_read]: lpn=6, state=255
Lat = 1000
[ssd_read]: lpn=9, state=255
[ssd_read]: lpn=10, state=255
[ssd_read]: lpn=11, state=255
[ssd_read]: lpn=12, state=255
[ssd_read]: lpn=13, state=255
[ssd_read]: lpn=14, state=255
Lat = 1000
[ssd_read]: lpn=17, state=255
[ssd_read]: lpn=18, state=255
[ssd_read]: lpn=19, state=255
[ssd_read]: lpn=20, state=255
[ssd_read]: lpn=21, state=255
[ssd_read]: lpn=22, state=255
[ssd_read]: lpn=23, state=255
[ssd_read]: lpn=24, state=255
[ssd_read]: lpn=25, state=255
[ssd_read]: lpn=26, state=255
[ssd_read]: lpn=27, state=255
[ssd_read]: lpn=28, state=255
[ssd_read]: lpn=29, state=255
[ssd_read]: lpn=30, state=255
[ssd_read]: lpn=31, state=255
Lat = 1000
[ssd_read]: lpn=33, state=255
[ssd_read]: lpn=34, state=255
[ssd_read]: lpn=35, state=255
[ssd_read]: lpn=36, state=255
[ssd_read]: lpn=37, state=255
[ssd_read]: lpn=38, state=255
[ssd_read]: lpn=39, state=255
[ssd_read]: lpn=40, state=255
[ssd_read]: lpn=41, state=255
[ssd_read]: lpn=42, state=255
[ssd_read]: lpn=43, state=255
[ssd_read]: lpn=44, state=255
[ssd_read]: lpn=45, state=255
[ssd_read]: lpn=46, state=255
[ssd_read]: lpn=47, state=255
[ssd_read]: lpn=48, state=255
[ssd_read]: lpn=49, state=255
[ssd_read]: lpn=50, state=255
[ssd_read]: lpn=51, state=255
[ssd_read]: lpn=52, state=255
[ssd_read]: lpn=53, state=255
[ssd_read]: lpn=54, state=255
[ssd_read]: lpn=55, state=255
[ssd_read]: lpn=56, state=255
[ssd_read]: lpn=57, state=255
[ssd_read]: lpn=58, state=255
[ssd_read]: lpn=59, state=255
[ssd_read]: lpn=60, state=255
[ssd_read]: lpn=61, state=255
[ssd_read]: lpn=62, state=255
[ssd_read]: lpn=63, state=255
Lat = 1000
[ssd_read]: lpn=65, state=255
[ssd_read]: lpn=66, state=255
[ssd_read]: lpn=67, state=255
[ssd_read]: lpn=68, state=255
[ssd_read]: lpn=69, state=255
[ssd_read]: lpn=70, state=255
[ssd_read]: lpn=71, state=255
[ssd_read]: lpn=72, state=255
[ssd_read]: lpn=73, state=255
[ssd_read]: lpn=74, state=255
[ssd_read]: lpn=75, state=255
[ssd_read]: lpn=76, state=255
[ssd_read]: lpn=77, state=255
[ssd_read]: lpn=78, state=255
[ssd_read]: lpn=79, state=255
[ssd_read]: lpn=80, state=255
[ssd_read]: lpn=81, state=255
[ssd_read]: lpn=82, state=255
[ssd_read]: lpn=83, state=255
[ssd_read]: lpn=84, state=255
[ssd_read]: lpn=85, state=255
[ssd_read]: lpn=86, state=255
[ssd_read]: lpn=87, state=255
[ssd_read]: lpn=88, state=255
[ssd_read]: lpn=89, state=255
[ssd_read]: lpn=90, state=255
[ssd_read]: lpn=91, state=255
[ssd_read]: lpn=92, state=255
[ssd_read]: lpn=93, state=255
[ssd_read]: lpn=94, state=255
[ssd_read]: lpn=95, state=255
[ssd_read]: lpn=96, state=255
[ssd_read]: lpn=97, state=255
[ssd_read]: lpn=98, state=255
[ssd_read]: lpn=99, state=255
[ssd_read]: lpn=100, state=255
[ssd_read]: lpn=101, state=255
[ssd_read]: lpn=102, state=255
[ssd_read]: lpn=103, state=255
[ssd_read]: lpn=104, state=255
[ssd_read]: lpn=105, state=255
[ssd_read]: lpn=106, state=255
[ssd_read]: lpn=107, state=255
[ssd_read]: lpn=108, state=255
[ssd_read]: lpn=109, state=255
[ssd_read]: lpn=110, state=255
[ssd_read]: lpn=111, state=255
[ssd_read]: lpn=112, state=255
[ssd_read]: lpn=113, state=255
[ssd_read]: lpn=114, state=255
[ssd_read]: lpn=115, state=255
[ssd_read]: lpn=116, state=255
[ssd_read]: lpn=117, state=255
[ssd_read]: lpn=118, state=255
[ssd_read]: lpn=119, state=255
[ssd_read]: lpn=120, state=255
[ssd_read]: lpn=121, state=255
[ssd_read]: lpn=122, state=255
[ssd_read]: lpn=123, state=255
[ssd_read]: lpn=124, state=255
[ssd_read]: lpn=125, state=255
[ssd_read]: lpn=126, state=255
[ssd_read]: lpn=127, state=255
Lat = 1000
[ssd_read]: lpn=1048448, state=255
[ssd_read]: lpn=1048449, state=255
[ssd_read]: lpn=1048450, state=255
[ssd_read]: lpn=1048451, state=255
Lat = 1000
[ssd_read]: lpn=1048453, state=255
Lat = 1000
[ssd_read]: lpn=1048455, state=255
[ssd_read]: lpn=1048456, state=255
Lat = 1000
[ssd_read]: lpn=1048458, state=255
[ssd_read]: lpn=1048459, state=255
[ssd_read]: lpn=1048460, state=255
[ssd_read]: lpn=1048461, state=255
Lat = 1000
[ssd_read]: lpn=1048463, state=255
[ssd_read]: lpn=1048464, state=255
[ssd_read]: lpn=1048465, state=255
[ssd_read]: lpn=1048466, state=255
[ssd_read]: lpn=1048467, state=255
[ssd_read]: lpn=1048468, state=255
[ssd_read]: lpn=1048469, state=255
[ssd_read]: lpn=1048470, state=255
[ssd_read]: lpn=1048471, state=255
[ssd_read]: lpn=1048472, state=255
[ssd_read]: lpn=1048473, state=255
[ssd_read]: lpn=1048474, state=255
[ssd_read]: lpn=1048475, state=255
[ssd_read]: lpn=1048476, state=255
[ssd_read]: lpn=1048477, state=255
[ssd_read]: lpn=1048478, state=255
[ssd_read]: lpn=1048479, state=255
[ssd_read]: lpn=1048480, state=255
[ssd_read]: lpn=1048481, state=255
[ssd_read]: lpn=1048482, state=255
[ssd_read]: lpn=1048483, state=255
Lat = 1000
[ssd_read]: lpn=1048485, state=255
[ssd_read]: lpn=1048486, state=255
[ssd_read]: lpn=1048487, state=255
[ssd_read]: lpn=1048488, state=255
[ssd_read]: lpn=1048489, state=255
[ssd_read]: lpn=1048490, state=255
Lat = 1000
[ssd_read]: lpn=1048492, state=255
[ssd_read]: lpn=1048493, state=255
[ssd_read]: lpn=1048494, state=255
[ssd_read]: lpn=1048495, state=255
[ssd_read]: lpn=1048496, state=255
[ssd_read]: lpn=1048497, state=255
[ssd_read]: lpn=1048498, state=255
[ssd_read]: lpn=1048499, state=255
[ssd_read]: lpn=1048500, state=255
[ssd_read]: lpn=1048501, state=255
Lat = 1000
[ssd_read]: lpn=1048503, state=255
[ssd_read]: lpn=1048504, state=255
[ssd_read]: lpn=1048505, state=255
[ssd_read]: lpn=1048506, state=255
[ssd_read]: lpn=1048507, state=255
[ssd_read]: lpn=1048508, state=255
[ssd_read]: lpn=1048509, state=255
[ssd_read]: lpn=1048510, state=255
[ssd_read]: lpn=1048511, state=255
Lat = 1000
[ssd_read]: lpn=1048512, state=255
[ssd_read]: lpn=1048513, state=255
[ssd_read]: lpn=1048514, state=255
[ssd_read]: lpn=1048515, state=255
[ssd_read]: lpn=1048516, state=255
[ssd_read]: lpn=1048517, state=255
[ssd_read]: lpn=1048518, state=255
[ssd_read]: lpn=1048519, state=255
[ssd_read]: lpn=1048520, state=255
[ssd_read]: lpn=1048521, state=255
[ssd_read]: lpn=1048522, state=255
[ssd_read]: lpn=1048523, state=255
[ssd_read]: lpn=1048524, state=255
[ssd_read]: lpn=1048525, state=255
Lat = 1000
[ssd_read]: lpn=1048527, state=255
[ssd_read]: lpn=1048528, state=255
[ssd_read]: lpn=1048529, state=255
[ssd_read]: lpn=1048530, state=255
[ssd_read]: lpn=1048531, state=255
[ssd_read]: lpn=1048532, state=255
[ssd_read]: lpn=1048533, state=255
[ssd_read]: lpn=1048534, state=255
[ssd_read]: lpn=1048535, state=255
[ssd_read]: lpn=1048536, state=255
[ssd_read]: lpn=1048537, state=255
[ssd_read]: lpn=1048538, state=255
[ssd_read]: lpn=1048539, state=255
[ssd_read]: lpn=1048540, state=255
[ssd_read]: lpn=1048541, state=255
[ssd_read]: lpn=1048542, state=255
Lat = 1000
[ssd_read]: lpn=1048545, state=255
[ssd_read]: lpn=1048546, state=255
[ssd_read]: lpn=1048547, state=255
[ssd_read]: lpn=1048548, state=255
[ssd_read]: lpn=1048549, state=255
[ssd_read]: lpn=1048550, state=255
[ssd_read]: lpn=1048551, state=255
[ssd_read]: lpn=1048552, state=255
[ssd_read]: lpn=1048553, state=255
[ssd_read]: lpn=1048554, state=255
[ssd_read]: lpn=1048555, state=255
[ssd_read]: lpn=1048556, state=255
[ssd_read]: lpn=1048557, state=255
[ssd_read]: lpn=1048558, state=255
[ssd_read]: lpn=1048559, state=255
Lat = 1000
[ssd_read]: lpn=1048561, state=255
[ssd_read]: lpn=1048562, state=255
[ssd_read]: lpn=1048563, state=255
[ssd_read]: lpn=1048564, state=255
[ssd_read]: lpn=1048565, state=255
[ssd_read]: lpn=1048566, state=255
[ssd_read]: lpn=1048567, state=255
Lat = 1000
[ssd_read]: lpn=1048569, state=255
[ssd_read]: lpn=1048570, state=255
[ssd_read]: lpn=1048571, state=255
[ssd_read]: lpn=1048572, state=255
[ssd_read]: lpn=1048573, state=255
Lat = 1000
[[0;32m  OK  [0m] Finished [0;1;39mudev Wait for Complete Device Initialization[0m.
         Starting [0;1;39mDevice-Mapper Multipath Device Controller[0m...
[[0;32m  OK  [0m] Started [0;1;39mDevice-Mapper Multipath Device Controller[0m.
[[0;32m  OK  [0m] Reached target [0;1;39mLocal File Systems (Pre)[0m.
         Mounting [0;1;39mMount unit for core18, revision 1880[0m...
         Mounting [0;1;39mMount unit for core18, revision 2128[0m...
         Mounting [0;1;39mMount unit for core20, revision 1081[0m...
         Mounting [0;1;39mMount unit for core20, revision 1169[0m...
         Mounting [0;1;39mMount unit for lxd, revision 16099[0m...
         Mounting [0;1;39mMount unit for lxd, revision 21545[0m...
         Mounting [0;1;39mMount unit for snapd, revision 13170[0m...
         Mounting [0;1;39mMount unit for snapd, revision 13270[0m...
[[0;32m  OK  [0m] Mounted [0;1;39mMount unit for core18, revision 2128[0m.
[[0;32m  OK  [0m] Mounted [0;1;39mMount unit for core20, revision 1169[0m.
[[0;32m  OK  [0m] Mounted [0;1;39mMount unit for core18, revision 1880[0m.
[[0;32m  OK  [0m] Mounted [0;1;39mMount unit for core20, revision 1081[0m.
[[0;32m  OK  [0m] Mounted [0;1;39mMount unit for lxd, revision 16099[0m.
[[0;32m  OK  [0m] Mounted [0;1;39mMount unit for lxd, revision 21545[0m.
[[0;32m  OK  [0m] Mounted [0;1;39mMount unit for snapd, revision 13170[0m.
[[0;32m  OK  [0m] Mounted [0;1;39mMount unit for snapd, revision 13270[0m.
[[0;32m  OK  [0m] Reached target [0;1;39mLocal File Systems[0m.
         Starting [0;1;39mLoad AppArmor profiles[0m...
         Starting [0;1;39mSet console font and keymap[0m...
         Starting [0;1;39mCreate final runt…dir for shutdown pivot root[0m...
         Starting [0;1;39mTell Plymouth To Write Out Runtime Data[0m...
         Starting [0;1;39mCreate Volatile Files and Directories[0m...
[[0;32m  OK  [0m] Finished [0;1;39mSet console font and keymap[0m.
[[0;32m  OK  [0m] Finished [0;1;39mCreate final runt…e dir for shutdown pivot root[0m.
[[0;32m  OK  [0m] Finished [0;1;39mCreate Volatile Files and Directories[0m.
         Starting [0;1;39mNetwork Name Resolution[0m...
         Starting [0;1;39mNetwork Time Synchronization[0m...
         Starting [0;1;39mUpdate UTMP about System Boot/Shutdown[0m...
[[0;32m  OK  [0m] Finished [0;1;39mTell Plymouth To Write Out Runtime Data[0m.
[[0;32m  OK  [0m] Finished [0;1;39mUpdate UTMP about System Boot/Shutdown[0m.
[[0;32m  OK  [0m] Finished [0;1;39mLoad AppArmor profiles[0m.
         Starting [0;1;39mLoad AppArmor pro…managed internally by snapd[0m...
[[0;32m  OK  [0m] Started [0;1;39mNetwork Time Synchronization[0m.
[[0;32m  OK  [0m] Reached target [0;1;39mSystem Time Set[0m.
[[0;32m  OK  [0m] Reached target [0;1;39mSystem Time Synchronized[0m.
[[0;32m  OK  [0m] Started [0;1;39mNetwork Name Resolution[0m.
[[0;32m  OK  [0m] Reached target [0;1;39mNetwork[0m.
[[0;32m  OK  [0m] Reached target [0;1;39mHost and Network Name Lookups[0m.
[[0;32m  OK  [0m] Finished [0;1;39mLoad AppArmor pro…s managed internally by snapd[0m.
[[0;32m  OK  [0m] Reached target [0;1;39mSystem Initialization[0m.
[[0;32m  OK  [0m] Started [0;1;39mDaily apt download activities[0m.
[[0;32m  OK  [0m] Started [0;1;39mDaily apt upgrade and clean activities[0m.
[[0;32m  OK  [0m] Started [0;1;39mPeriodic ext4 Onli…ata Check for All Filesystems[0m.
[[0;32m  OK  [0m] Started [0;1;39mDiscard unused blocks once a week[0m.
[[0;32m  OK  [0m] Started [0;1;39mRefresh fwupd metadata regularly[0m.
[[0;32m  OK  [0m] Started [0;1;39mDaily rotation of log files[0m.
[[0;32m  OK  [0m] Started [0;1;39mDaily man-db regeneration[0m.
[[0;32m  OK  [0m] Started [0;1;39mMessage of the Day[0m.
[[0;32m  OK  [0m] Started [0;1;39mDaily Cleanup of Temporary Directories[0m.
[[0;32m  OK  [0m] Started [0;1;39mUbuntu Advantage update messaging[0m.
[[0;32m  OK  [0m] Reached target [0;1;39mPaths[0m.
[[0;32m  OK  [0m] Reached target [0;1;39mTimers[0m.
[[0;32m  OK  [0m] Listening on [0;1;39mD-Bus System Message Bus Socket[0m.
[[0;32m  OK  [0m] Listening on [0;1;39mOpen-iSCSI iscsid Socket[0m.
[[0;32m  OK  [0m] Listening on [0;1;39mSocket unix for snap application lxd.daemon[0m.
         Starting [0;1;39mSocket activation for snappy daemon[0m.
[[0;32m  OK  [0m] Listening on [0;1;39mUUID daemon activation socket[0m.
[[0;32m  OK  [0m] Listening on [0;1;39mSocket activation for snappy daemon[0m.
[[0;32m  OK  [0m] Reached target [0;1;39mSockets[0m.
[[0;32m  OK  [0m] Reached target [0;1;39mBasic System[0m.
         Starting [0;1;39mAccounts Service[0m...
[[0;32m  OK  [0m] Started [0;1;39mD-Bus System Message Bus[0m.
[[0;32m  OK  [0m] Started [0;1;39mSave initial kernel messages after boot[0m.
         Starting [0;1;39mRemove Stale Onli…t4 Metadata Check Snapshots[0m...
         Starting [0;1;39mRecord successful boot for GRUB[0m...
[[0;32m  OK  [0m] Started [0;1;39mirqbalance daemon[0m.
         Starting [0;1;39mDispatcher daemon for systemd-networkd[0m...
         Starting [0;1;39mSystem Logging Service[0m...
         Starting [0;1;39mService for snap application lxd.activate[0m...
         Starting [0;1;39mSnap Daemon[0m...
         Starting [0;1;39mLogin Service[0m...
         Starting [0;1;39mDisk Manager[0m...
[[0;32m  OK  [0m] Started [0;1;39mSystem Logging Service[0m.
[[0;32m  OK  [0m] Finished [0;1;39mRecord successful boot for GRUB[0m.
         Starting [0;1;39mGRUB failed boot detection[0m...
[[0;32m  OK  [0m] Finished [0;1;39mGRUB failed boot detection[0m.
[[0;32m  OK  [0m] Finished [0;1;39mRemove Stale Onli…ext4 Metadata Check Snapshots[0m.
         Starting [0;1;39mAuthorization Manager[0m...
[[0;32m  OK  [0m] Started [0;1;39mLogin Service[0m.
[[0;32m  OK  [0m] Started [0;1;39mUnattended Upgrades Shutdown[0m.
[[0;32m  OK  [0m] Started [0;1;39mAuthorization Manager[0m.
[[0;32m  OK  [0m] Started [0;1;39mAccounts Service[0m.
[[0;32m  OK  [0m] Started [0;1;39mDisk Manager[0m.
[[0;32m  OK  [0m] Started [0;1;39mDispatcher daemon for systemd-networkd[0m.
[[0;32m  OK  [0m] Finished [0;1;39mWait for Network to be Configured[0m.
[[0;32m  OK  [0m] Reached target [0;1;39mNetwork is Online[0m.
[[0;32m  OK  [0m] Reached target [0;1;39mRemote File Systems (Pre)[0m.
[[0;32m  OK  [0m] Reached target [0;1;39mRemote File Systems[0m.
         Starting [0;1;39mLSB: automatic crash report generation[0m...
         Starting [0;1;39mDeferred execution scheduler[0m...
         Starting [0;1;39mAvailability of block devices[0m...
[[0;32m  OK  [0m] Started [0;1;39mRegular background program processing daemon[0m.
         Starting [0;1;39mOpenBSD Secure Shell server[0m...
         Starting [0;1;39mPermit User Sessions[0m...
[[0;32m  OK  [0m] Started [0;1;39mDeferred execution scheduler[0m.
[[0;32m  OK  [0m] Finished [0;1;39mAvailability of block devices[0m.
[[0;32m  OK  [0m] Finished [0;1;39mPermit User Sessions[0m.
         Starting [0;1;39mHold until boot process finishes up[0m...
         Starting [0;1;39mTerminate Plymouth Boot Screen[0m...
[[0;32m  OK  [0m] Finished [0;1;39mHold until boot process finishes up[0m.
[[0;32m  OK  [0m] Started [0;1;39mSerial Getty on ttyS0[0m.
         Starting [0;1;39mSet console scheme[0m...
[[0;32m  OK  [0m] Finished [0;1;39mSet console scheme[0m.
[[0;32m  OK  [0m] Created slice [0;1;39msystem-getty.slice[0m.
[[0;32m  OK  [0m] Started [0;1;39mGetty on tty1[0m.
[[0;32m  OK  [0m] Reached target [0;1;39mLogin Prompts[0m.
[[0;32m  OK  [0m] Finished [0;1;39mTerminate Plymouth Boot Screen[0m.
[[0;32m  OK  [0m] Started [0;1;39mLSB: automatic crash report generation[0m.
[[0;32m  OK  [0m] Started [0;1;39mOpenBSD Secure Shell server[0m.
[[0;32m  OK  [0m] Started [0;1;39mSnap Daemon[0m.
         Starting [0;1;39mWait until snapd is fully seeded[0m...
[[0;32m  OK  [0m] Finished [0;1;39mWait until snapd is fully seeded[0m.
[[0;32m  OK  [0m] Finished [0;1;39mService for snap application lxd.activate[0m.
[[0;32m  OK  [0m] Reached target [0;1;39mMulti-User System[0m.
[[0;32m  OK  [0m] Reached target [0;1;39mGraphical Interface[0m.
         Starting [0;1;39mUpdate UTMP about System Runlevel Changes[0m...
[[0;32m  OK  [0m] Finished [0;1;39mUpdate UTMP about System Runlevel Changes[0m.

Ubuntu 20.04.3 LTS fvm ttyS0

fvm login: [ssd_read]: lpn=0, state=255
Lat = 241000
[ssd_read]: lpn=1, state=255
Lat = 241000
[ssd_read]: lpn=3, state=255
Lat = 241000
[ssd_read]: lpn=1048560, state=255
Lat = 201000
[ssd_read]: lpn=1048574, state=255
Lat = 201000
[ssd_read]: lpn=0, state=255
Lat = 1000
[ssd_read]: lpn=1, state=255
Lat = 1000
[ssd_read]: lpn=1048575, state=255
Lat = 201000
[ssd_read]: lpn=1048543, state=255
Lat = 201000
[ssd_read]: lpn=1048568, state=255
Lat = 201000
[ssd_read]: lpn=1048544, state=255
Lat = 201000
[ssd_read]: lpn=1048526, state=255
Lat = 201000
[ssd_read]: lpn=1048502, state=255
Lat = 201000
[ssd_read]: lpn=1048491, state=255
Lat = 201000
[ssd_read]: lpn=1048484, state=255
Lat = 201000
[ssd_read]: lpn=1048462, state=255
Lat = 201000
[ssd_read]: lpn=1048454, state=255
Lat = 201000
[ssd_read]: lpn=1048452, state=255
Lat = 201000
[ssd_read]: lpn=1048457, state=255
Lat = 201000
[ssd_read]: lpn=1048190, state=255
Lat = 201000
[ssd_read]: lpn=4, state=255
Lat = 241000
[ssd_read]: lpn=8, state=255
Lat = 241000
[ssd_read]: lpn=16, state=255
Lat = 241000
[ssd_read]: lpn=32, state=255
Lat = 241000
[ssd_read]: lpn=64, state=255
Lat = 241000
[ssd_read]: lpn=128, state=255
Lat = 241000
[ssd_read]: lpn=256, state=255
Lat = 241000
[ssd_read]: lpn=512, state=255
Lat = 241000
[ssd_read]: lpn=1024, state=255
Lat = 241000
[ssd_read]: lpn=3, state=255
Lat = 1000
[ssd_read]: lpn=7, state=255
Lat = 241000
[ssd_read]: lpn=15, state=255
Lat = 241000
[ssd_read]: lpn=2, state=255
Lat = 241000
[ssd_read]: lpn=5, state=255
[ssd_read]: lpn=6, state=255
Lat = 241000
[ssd_read]: lpn=9, state=255
[ssd_read]: lpn=10, state=255
[ssd_read]: lpn=11, state=255
[ssd_read]: lpn=12, state=255
[ssd_read]: lpn=13, state=255
[ssd_read]: lpn=14, state=255
Lat = 241000
[ssd_read]: lpn=17, state=255
[ssd_read]: lpn=18, state=255
[ssd_read]: lpn=19, state=255
[ssd_read]: lpn=20, state=255
[ssd_read]: lpn=21, state=255
[ssd_read]: lpn=22, state=255
[ssd_read]: lpn=23, state=255
[ssd_read]: lpn=24, state=255
[ssd_read]: lpn=25, state=255
[ssd_read]: lpn=26, state=255
[ssd_read]: lpn=27, state=255
[ssd_read]: lpn=28, state=255
[ssd_read]: lpn=29, state=255
[ssd_read]: lpn=30, state=255
[ssd_read]: lpn=31, state=255
Lat = 261311
[ssd_read]: lpn=33, state=255
[ssd_read]: lpn=34, state=255
[ssd_read]: lpn=35, state=255
[ssd_read]: lpn=36, state=255
[ssd_read]: lpn=37, state=255
[ssd_read]: lpn=38, state=255
[ssd_read]: lpn=39, state=255
[ssd_read]: lpn=40, state=255
[ssd_read]: lpn=41, state=255
[ssd_read]: lpn=42, state=255
[ssd_read]: lpn=43, state=255
[ssd_read]: lpn=44, state=255
[ssd_read]: lpn=45, state=255
[ssd_read]: lpn=46, state=255
[ssd_read]: lpn=47, state=255
[ssd_read]: lpn=48, state=255
[ssd_read]: lpn=49, state=255
[ssd_read]: lpn=50, state=255
[ssd_read]: lpn=51, state=255
[ssd_read]: lpn=52, state=255
[ssd_read]: lpn=53, state=255
[ssd_read]: lpn=54, state=255
[ssd_read]: lpn=55, state=255
[ssd_read]: lpn=56, state=255
[ssd_read]: lpn=57, state=255
[ssd_read]: lpn=58, state=255
[ssd_read]: lpn=59, state=255
[ssd_read]: lpn=60, state=255
[ssd_read]: lpn=61, state=255
[ssd_read]: lpn=62, state=255
[ssd_read]: lpn=63, state=255
Lat = 441846
[ssd_read]: lpn=65, state=255
[ssd_read]: lpn=66, state=255
[ssd_read]: lpn=67, state=255
[ssd_read]: lpn=68, state=255
[ssd_read]: lpn=69, state=255
[ssd_read]: lpn=70, state=255
[ssd_read]: lpn=71, state=255
[ssd_read]: lpn=72, state=255
[ssd_read]: lpn=73, state=255
[ssd_read]: lpn=74, state=255
[ssd_read]: lpn=75, state=255
[ssd_read]: lpn=76, state=255
[ssd_read]: lpn=77, state=255
[ssd_read]: lpn=78, state=255
[ssd_read]: lpn=79, state=255
[ssd_read]: lpn=80, state=255
[ssd_read]: lpn=81, state=255
[ssd_read]: lpn=82, state=255
[ssd_read]: lpn=83, state=255
[ssd_read]: lpn=84, state=255
[ssd_read]: lpn=85, state=255
[ssd_read]: lpn=86, state=255
[ssd_read]: lpn=87, state=255
[ssd_read]: lpn=88, state=255
[ssd_read]: lpn=89, state=255
[ssd_read]: lpn=90, state=255
[ssd_read]: lpn=91, state=255
[ssd_read]: lpn=92, state=255
[ssd_read]: lpn=93, state=255
[ssd_read]: lpn=94, state=255
[ssd_read]: lpn=95, state=255
[ssd_read]: lpn=96, state=255
[ssd_read]: lpn=97, state=255
[ssd_read]: lpn=98, state=255
[ssd_read]: lpn=99, state=255
[ssd_read]: lpn=100, state=255
[ssd_read]: lpn=101, state=255
[ssd_read]: lpn=102, state=255
[ssd_read]: lpn=103, state=255
[ssd_read]: lpn=104, state=255
[ssd_read]: lpn=105, state=255
[ssd_read]: lpn=106, state=255
[ssd_read]: lpn=107, state=255
[ssd_read]: lpn=108, state=255
[ssd_read]: lpn=109, state=255
[ssd_read]: lpn=110, state=255
[ssd_read]: lpn=111, state=255
[ssd_read]: lpn=112, state=255
[ssd_read]: lpn=113, state=255
[ssd_read]: lpn=114, state=255
[ssd_read]: lpn=115, state=255
[ssd_read]: lpn=116, state=255
[ssd_read]: lpn=117, state=255
[ssd_read]: lpn=118, state=255
[ssd_read]: lpn=119, state=255
[ssd_read]: lpn=120, state=255
[ssd_read]: lpn=121, state=255
[ssd_read]: lpn=122, state=255
[ssd_read]: lpn=123, state=255
[ssd_read]: lpn=124, state=255
[ssd_read]: lpn=125, state=255
[ssd_read]: lpn=126, state=255
[ssd_read]: lpn=127, state=255
Lat = 481000
[ssd_read]: lpn=1048448, state=255
[ssd_read]: lpn=1048449, state=255
[ssd_read]: lpn=1048450, state=255
[ssd_read]: lpn=1048451, state=255
Lat = 201000
[ssd_read]: lpn=1048453, state=255
Lat = 201000
[ssd_read]: lpn=1048455, state=255
[ssd_read]: lpn=1048456, state=255
Lat = 201000
[ssd_read]: lpn=1048458, state=255
[ssd_read]: lpn=1048459, state=255
[ssd_read]: lpn=1048460, state=255
[ssd_read]: lpn=1048461, state=255
Lat = 201000
[ssd_read]: lpn=1048463, state=255
[ssd_read]: lpn=1048464, state=255
[ssd_read]: lpn=1048465, state=255
[ssd_read]: lpn=1048466, state=255
[ssd_read]: lpn=1048467, state=255
[ssd_read]: lpn=1048468, state=255
[ssd_read]: lpn=1048469, state=255
[ssd_read]: lpn=1048470, state=255
[ssd_read]: lpn=1048471, state=255
[ssd_read]: lpn=1048472, state=255
[ssd_read]: lpn=1048473, state=255
[ssd_read]: lpn=1048474, state=255
[ssd_read]: lpn=1048475, state=255
[ssd_read]: lpn=1048476, state=255
[ssd_read]: lpn=1048477, state=255
[ssd_read]: lpn=1048478, state=255
[ssd_read]: lpn=1048479, state=255
[ssd_read]: lpn=1048480, state=255
[ssd_read]: lpn=1048481, state=255
[ssd_read]: lpn=1048482, state=255
[ssd_read]: lpn=1048483, state=255
Lat = 201000
[ssd_read]: lpn=1048485, state=255
[ssd_read]: lpn=1048486, state=255
[ssd_read]: lpn=1048487, state=255
[ssd_read]: lpn=1048488, state=255
[ssd_read]: lpn=1048489, state=255
[ssd_read]: lpn=1048490, state=255
Lat = 201000
[ssd_read]: lpn=1048492, state=255
[ssd_read]: lpn=1048493, state=255
[ssd_read]: lpn=1048494, state=255
[ssd_read]: lpn=1048495, state=255
[ssd_read]: lpn=1048496, state=255
[ssd_read]: lpn=1048497, state=255
[ssd_read]: lpn=1048498, state=255
[ssd_read]: lpn=1048499, state=255
[ssd_read]: lpn=1048500, state=255
[ssd_read]: lpn=1048501, state=255
Lat = 201000
[ssd_read]: lpn=1048503, state=255
[ssd_read]: lpn=1048504, state=255
[ssd_read]: lpn=1048505, state=255
[ssd_read]: lpn=1048506, state=255
[ssd_read]: lpn=1048507, state=255
[ssd_read]: lpn=1048508, state=255
[ssd_read]: lpn=1048509, state=255
[ssd_read]: lpn=1048510, state=255
[ssd_read]: lpn=1048511, state=255
Lat = 201000
[ssd_read]: lpn=1048512, state=255
[ssd_read]: lpn=1048513, state=255
[ssd_read]: lpn=1048514, state=255
[ssd_read]: lpn=1048515, state=255
[ssd_read]: lpn=1048516, state=255
[ssd_read]: lpn=1048517, state=255
[ssd_read]: lpn=1048518, state=255
[ssd_read]: lpn=1048519, state=255
[ssd_read]: lpn=1048520, state=255
[ssd_read]: lpn=1048521, state=255
[ssd_read]: lpn=1048522, state=255
[ssd_read]: lpn=1048523, state=255
[ssd_read]: lpn=1048524, state=255
[ssd_read]: lpn=1048525, state=255
Lat = 201000
[ssd_read]: lpn=1048527, state=255
[ssd_read]: lpn=1048528, state=255
[ssd_read]: lpn=1048529, state=255
[ssd_read]: lpn=1048530, state=255
[ssd_read]: lpn=1048531, state=255
[ssd_read]: lpn=1048532, state=255
[ssd_read]: lpn=1048533, state=255
[ssd_read]: lpn=1048534, state=255
[ssd_read]: lpn=1048535, state=255
[ssd_read]: lpn=1048536, state=255
[ssd_read]: lpn=1048537, state=255
[ssd_read]: lpn=1048538, state=255
[ssd_read]: lpn=1048539, state=255
[ssd_read]: lpn=1048540, state=255
[ssd_read]: lpn=1048541, state=255
[ssd_read]: lpn=1048542, state=255
Lat = 201000
[ssd_read]: lpn=1048545, state=255
[ssd_read]: lpn=1048546, state=255
[ssd_read]: lpn=1048547, state=255
[ssd_read]: lpn=1048548, state=255
[ssd_read]: lpn=1048549, state=255
[ssd_read]: lpn=1048550, state=255
[ssd_read]: lpn=1048551, state=255
[ssd_read]: lpn=1048552, state=255
[ssd_read]: lpn=1048553, state=255
[ssd_read]: lpn=1048554, state=255
[ssd_read]: lpn=1048555, state=255
[ssd_read]: lpn=1048556, state=255
[ssd_read]: lpn=1048557, state=255
[ssd_read]: lpn=1048558, state=255
[ssd_read]: lpn=1048559, state=255
Lat = 201000
[ssd_read]: lpn=1048561, state=255
[ssd_read]: lpn=1048562, state=255
[ssd_read]: lpn=1048563, state=255
[ssd_read]: lpn=1048564, state=255
[ssd_read]: lpn=1048565, state=255
[ssd_read]: lpn=1048566, state=255
[ssd_read]: lpn=1048567, state=255
Lat = 201000
[ssd_read]: lpn=1048569, state=255
[ssd_read]: lpn=1048570, state=255
[ssd_read]: lpn=1048571, state=255
[ssd_read]: lpn=1048572, state=255
[ssd_read]: lpn=1048573, state=255
Lat = 201000

fvm login: 
fvm login: [ssd_read]: lpn=0, state=255
[ssd_read]: lpn=1, state=255
[ssd_read]: lpn=2, state=255
[ssd_read]: lpn=3, state=255
Lat = 1000
[ssd_read]: lpn=0, state=255
[ssd_read]: lpn=1, state=255
[ssd_read]: lpn=2, state=255
[ssd_read]: lpn=3, state=255
Lat = 1000
[ssd_read]: lpn=0, state=255
[ssd_read]: lpn=1, state=255
[ssd_read]: lpn=2, state=255
[ssd_read]: lpn=3, state=255
Lat = 1000
[ssd_read]: lpn=4, state=255
[ssd_read]: lpn=5, state=255
[ssd_read]: lpn=6, state=255
[ssd_read]: lpn=7, state=255
[ssd_read]: lpn=8, state=255
[ssd_read]: lpn=9, state=255
[ssd_read]: lpn=10, state=255
[ssd_read]: lpn=11, state=255
Lat = 1000
[ssd_read]: lpn=0, state=255
[ssd_read]: lpn=1, state=255
[ssd_read]: lpn=2, state=255
[ssd_read]: lpn=3, state=255
Lat = 1000
[ssd_read]: lpn=4, state=255
[ssd_read]: lpn=5, state=255
[ssd_read]: lpn=6, state=255
[ssd_read]: lpn=7, state=255
[ssd_read]: lpn=8, state=255
[ssd_read]: lpn=9, state=255
[ssd_read]: lpn=10, state=255
[ssd_read]: lpn=11, state=255
Lat = 1000
[ssd_read]: lpn=12, state=255
[ssd_read]: lpn=13, state=255
[ssd_read]: lpn=14, state=255
[ssd_read]: lpn=15, state=255
[ssd_read]: lpn=16, state=255
[ssd_read]: lpn=17, state=255
[ssd_read]: lpn=18, state=255
[ssd_read]: lpn=19, state=255
[ssd_read]: lpn=20, state=255
[ssd_read]: lpn=21, state=255
[ssd_read]: lpn=22, state=255
[ssd_read]: lpn=23, state=255
[ssd_read]: lpn=24, state=255
[ssd_read]: lpn=25, state=255
[ssd_read]: lpn=26, state=255
[ssd_read]: lpn=27, state=255
Lat = 1000
[ssd_read]: lpn=28, state=255
[ssd_read]: lpn=29, state=255
[ssd_read]: lpn=30, state=255
[ssd_read]: lpn=31, state=255
[ssd_read]: lpn=32, state=255
[ssd_read]: lpn=33, state=255
[ssd_read]: lpn=34, state=255
[ssd_read]: lpn=35, state=255
[ssd_read]: lpn=36, state=255
[ssd_read]: lpn=37, state=255
[ssd_read]: lpn=38, state=255
[ssd_read]: lpn=39, state=255
[ssd_read]: lpn=40, state=255
[ssd_read]: lpn=41, state=255
[ssd_read]: lpn=42, state=255
[ssd_read]: lpn=43, state=255
[ssd_read]: lpn=44, state=255
[ssd_read]: lpn=45, state=255
[ssd_read]: lpn=46, state=255
[ssd_read]: lpn=47, state=255
[ssd_read]: lpn=48, state=255
[ssd_read]: lpn=49, state=255
[ssd_read]: lpn=50, state=255
[ssd_read]: lpn=51, state=255
[ssd_read]: lpn=52, state=255
[ssd_read]: lpn=53, state=255
[ssd_read]: lpn=54, state=255
[ssd_read]: lpn=55, state=255
[ssd_read]: lpn=56, state=255
[ssd_read]: lpn=57, state=255
[ssd_read]: lpn=58, state=255
[ssd_read]: lpn=59, state=255
Lat = 1000
[ssd_read]: lpn=60, state=255
[ssd_read]: lpn=61, state=255
[ssd_read]: lpn=62, state=255
[ssd_read]: lpn=63, state=255
[ssd_read]: lpn=64, state=255
[ssd_read]: lpn=65, state=255
[ssd_read]: lpn=66, state=255
[ssd_read]: lpn=67, state=255
[ssd_read]: lpn=68, state=255
[ssd_read]: lpn=69, state=255
[ssd_read]: lpn=70, state=255
[ssd_read]: lpn=71, state=255
[ssd_read]: lpn=72, state=255
[ssd_read]: lpn=73, state=255
[ssd_read]: lpn=74, state=255
[ssd_read]: lpn=75, state=255
[ssd_read]: lpn=76, state=255
[ssd_read]: lpn=77, state=255
[ssd_read]: lpn=78, state=255
[ssd_read]: lpn=79, state=255
[ssd_read]: lpn=80, state=255
[ssd_read]: lpn=81, state=255
[ssd_read]: lpn=82, state=255
[ssd_read]: lpn=83, state=255
[ssd_read]: lpn=84, state=255
[ssd_read]: lpn=85, state=255
[ssd_read]: lpn=86, state=255
[ssd_read]: lpn=87, state=255
[ssd_read]: lpn=88, state=255
[ssd_read]: lpn=89, state=255
[ssd_read]: lpn=90, state=255
[ssd_read]: lpn=91, state=255
Lat = 1000
[ssd_read]: lpn=92, state=255
[ssd_read]: lpn=93, state=255
[ssd_read]: lpn=94, state=255
[ssd_read]: lpn=95, state=255
[ssd_read]: lpn=96, state=255
[ssd_read]: lpn=97, state=255
[ssd_read]: lpn=98, state=255
[ssd_read]: lpn=99, state=255
[ssd_read]: lpn=100, state=255
[ssd_read]: lpn=101, state=255
[ssd_read]: lpn=102, state=255
[ssd_read]: lpn=103, state=255
[ssd_read]: lpn=104, state=255
[ssd_read]: lpn=105, state=255
[ssd_read]: lpn=106, state=255
[ssd_read]: lpn=107, state=255
[ssd_read]: lpn=108, state=255
[ssd_read]: lpn=109, state=255
[ssd_read]: lpn=110, state=255
[ssd_read]: lpn=111, state=255
[ssd_read]: lpn=112, state=255
[ssd_read]: lpn=113, state=255
[ssd_read]: lpn=114, state=255
[ssd_read]: lpn=115, state=255
[ssd_read]: lpn=116, state=255
[ssd_read]: lpn=117, state=255
[ssd_read]: lpn=118, state=255
[ssd_read]: lpn=119, state=255
[ssd_read]: lpn=120, state=255
[ssd_read]: lpn=121, state=255
[ssd_read]: lpn=122, state=255
[ssd_read]: lpn=123, state=255
Lat = 1000
[ssd_read]: lpn=124, state=255
[ssd_read]: lpn=125, state=255
[ssd_read]: lpn=126, state=255
[ssd_read]: lpn=127, state=255
[ssd_read]: lpn=128, state=255
[ssd_read]: lpn=129, state=255
[ssd_read]: lpn=130, state=255
[ssd_read]: lpn=131, state=255
[ssd_read]: lpn=132, state=255
[ssd_read]: lpn=133, state=255
[ssd_read]: lpn=134, state=255
[ssd_read]: lpn=135, state=255
[ssd_read]: lpn=136, state=255
[ssd_read]: lpn=137, state=255
[ssd_read]: lpn=138, state=255
[ssd_read]: lpn=139, state=255
[ssd_read]: lpn=140, state=255
[ssd_read]: lpn=141, state=255
[ssd_read]: lpn=142, state=255
[ssd_read]: lpn=143, state=255
[ssd_read]: lpn=144, state=255
[ssd_read]: lpn=145, state=255
[ssd_read]: lpn=146, state=255
[ssd_read]: lpn=147, state=255
[ssd_read]: lpn=148, state=255
[ssd_read]: lpn=149, state=255
[ssd_read]: lpn=150, state=255
[ssd_read]: lpn=151, state=255
[ssd_read]: lpn=152, state=255
[ssd_read]: lpn=153, state=255
[ssd_read]: lpn=154, state=255
[ssd_read]: lpn=155, state=255
Lat = 241000
[ssd_read]: lpn=0, state=255
[ssd_read]: lpn=1, state=255
[ssd_read]: lpn=2, state=255
[ssd_read]: lpn=3, state=255
Lat = 1000
[ssd_read]: lpn=4, state=255
[ssd_read]: lpn=5, state=255
[ssd_read]: lpn=6, state=255
[ssd_read]: lpn=7, state=255
[ssd_read]: lpn=8, state=255
[ssd_read]: lpn=9, state=255
[ssd_read]: lpn=10, state=255
[ssd_read]: lpn=11, state=255
Lat = 1000
[ssd_read]: lpn=12, state=255
[ssd_read]: lpn=13, state=255
[ssd_read]: lpn=14, state=255
[ssd_read]: lpn=15, state=255
[ssd_read]: lpn=16, state=255
[ssd_read]: lpn=17, state=255
[ssd_read]: lpn=18, state=255
[ssd_read]: lpn=19, state=255
[ssd_read]: lpn=20, state=255
[ssd_read]: lpn=21, state=255
[ssd_read]: lpn=22, state=255
[ssd_read]: lpn=23, state=255
[ssd_read]: lpn=24, state=255
[ssd_read]: lpn=25, state=255
[ssd_read]: lpn=26, state=255
[ssd_read]: lpn=27, state=255
Lat = 1000
[ssd_read]: lpn=28, state=255
[ssd_read]: lpn=29, state=255
[ssd_read]: lpn=30, state=255
[ssd_read]: lpn=31, state=255
[ssd_read]: lpn=32, state=255
[ssd_read]: lpn=33, state=255
[ssd_read]: lpn=34, state=255
[ssd_read]: lpn=35, state=255
[ssd_read]: lpn=36, state=255
[ssd_read]: lpn=37, state=255
[ssd_read]: lpn=38, state=255
[ssd_read]: lpn=39, state=255
[ssd_read]: lpn=40, state=255
[ssd_read]: lpn=41, state=255
[ssd_read]: lpn=42, state=255
[ssd_read]: lpn=43, state=255
[ssd_read]: lpn=44, state=255
[ssd_read]: lpn=45, state=255
[ssd_read]: lpn=46, state=255
[ssd_read]: lpn=47, state=255
[ssd_read]: lpn=48, state=255
[ssd_read]: lpn=49, state=255
[ssd_read]: lpn=50, state=255
[ssd_read]: lpn=51, state=255
[ssd_read]: lpn=52, state=255
[ssd_read]: lpn=53, state=255
[ssd_read]: lpn=54, state=255
[ssd_read]: lpn=55, state=255
[ssd_read]: lpn=56, state=255
[ssd_read]: lpn=57, state=255
[ssd_read]: lpn=58, state=255
[ssd_read]: lpn=59, state=255
Lat = 1000
[ssd_read]: lpn=60, state=255
[ssd_read]: lpn=61, state=255
[ssd_read]: lpn=62, state=255
[ssd_read]: lpn=63, state=255
[ssd_read]: lpn=64, state=255
[ssd_read]: lpn=65, state=255
[ssd_read]: lpn=66, state=255
[ssd_read]: lpn=67, state=255
[ssd_read]: lpn=68, state=255
[ssd_read]: lpn=69, state=255
[ssd_read]: lpn=70, state=255
[ssd_read]: lpn=71, state=255
[ssd_read]: lpn=72, state=255
[ssd_read]: lpn=73, state=255
[ssd_read]: lpn=74, state=255
[ssd_read]: lpn=75, state=255
[ssd_read]: lpn=76, state=255
